ARM Linker, 4.1 [Build 894] [Standard]

==============================================================================

Section Cross References

    startup_stm32f4xx.o(STACK) refers (Special) to heapauxi.o(.text) for __use_two_region_memory
    startup_stm32f4xx.o(HEAP) refers (Special) to heapauxi.o(.text) for __use_two_region_memory
    startup_stm32f4xx.o(RESET) refers (Special) to heapauxi.o(.text) for __use_two_region_memory
    startup_stm32f4xx.o(RESET) refers to startup_stm32f4xx.o(STACK) for __initial_sp
    startup_stm32f4xx.o(RESET) refers to startup_stm32f4xx.o(.text) for Reset_Handler
    startup_stm32f4xx.o(RESET) refers to stm32f4xx_it.o(i.NMI_Handler) for NMI_Handler
    startup_stm32f4xx.o(RESET) refers to stm32f4xx_it.o(i.HardFault_Handler) for HardFault_Handler
    startup_stm32f4xx.o(RESET) refers to stm32f4xx_it.o(i.MemManage_Handler) for MemManage_Handler
    startup_stm32f4xx.o(RESET) refers to stm32f4xx_it.o(i.BusFault_Handler) for BusFault_Handler
    startup_stm32f4xx.o(RESET) refers to stm32f4xx_it.o(i.UsageFault_Handler) for UsageFault_Handler
    startup_stm32f4xx.o(RESET) refers to stm32f4xx_it.o(i.SVC_Handler) for SVC_Handler
    startup_stm32f4xx.o(RESET) refers to stm32f4xx_it.o(i.DebugMon_Handler) for DebugMon_Handler
    startup_stm32f4xx.o(RESET) refers to stm32f4xx_it.o(i.PendSV_Handler) for PendSV_Handler
    startup_stm32f4xx.o(RESET) refers to stm32f4xx_it.o(i.USART1_IRQHandler) for USART1_IRQHandler
    startup_stm32f4xx.o(RESET) refers to stm32f4xx_it.o(i.USART2_IRQHandler) for USART2_IRQHandler
    startup_stm32f4xx.o(RESET) refers to stm32f4xx_it.o(i.USART3_IRQHandler) for USART3_IRQHandler
    startup_stm32f4xx.o(RESET) refers to stm32f4xx_it.o(i.SDIO_IRQHandler) for SDIO_IRQHandler
    startup_stm32f4xx.o(RESET) refers to stm32f4xx_it.o(i.UART4_IRQHandler) for UART4_IRQHandler
    startup_stm32f4xx.o(RESET) refers to stm32f4xx_it.o(i.DMA2_Stream3_IRQHandler) for DMA2_Stream3_IRQHandler
    startup_stm32f4xx.o(RESET) refers to stm32f4xx_it.o(i.USART6_IRQHandler) for USART6_IRQHandler
    startup_stm32f4xx.o(.text) refers (Special) to heapauxi.o(.text) for __use_two_region_memory
    startup_stm32f4xx.o(.text) refers to system_stm32f4xx.o(i.SystemInit) for SystemInit
    startup_stm32f4xx.o(.text) refers to __main.o(!!!main) for __main
    startup_stm32f4xx.o(.text) refers to startup_stm32f4xx.o(HEAP) for Heap_Mem
    startup_stm32f4xx.o(.text) refers to startup_stm32f4xx.o(STACK) for Stack_Mem
    main.o(i.GPIO_Configuration) refers to stm32f4xx_rcc.o(i.RCC_AHB1PeriphClockCmd) for RCC_AHB1PeriphClockCmd
    main.o(i.GPIO_Configuration) refers to stm32f4xx_gpio.o(i.GPIO_Init) for GPIO_Init
    main.o(i.NVIC_Config) refers to misc.o(i.NVIC_Init) for NVIC_Init
    main.o(i.STM_EVAL_COMInit) refers to stm32f4xx_rcc.o(i.RCC_AHB1PeriphClockCmd) for RCC_AHB1PeriphClockCmd
    main.o(i.STM_EVAL_COMInit) refers to stm32f4xx_rcc.o(i.RCC_APB2PeriphClockCmd) for RCC_APB2PeriphClockCmd
    main.o(i.STM_EVAL_COMInit) refers to stm32f4xx_rcc.o(i.RCC_APB1PeriphClockCmd) for RCC_APB1PeriphClockCmd
    main.o(i.STM_EVAL_COMInit) refers to stm32f4xx_gpio.o(i.GPIO_PinAFConfig) for GPIO_PinAFConfig
    main.o(i.STM_EVAL_COMInit) refers to stm32f4xx_gpio.o(i.GPIO_Init) for GPIO_Init
    main.o(i.USART_Configuration) refers to stm32f4xx_usart.o(i.USART_Init) for USART_Init
    main.o(i.USART_Configuration) refers to stm32f4xx_usart.o(i.USART_Cmd) for USART_Cmd
    main.o(i.fputc) refers to stm32f4xx_usart.o(i.USART_SendData) for USART_SendData
    main.o(i.fputc) refers to stm32f4xx_usart.o(i.USART_GetFlagStatus) for USART_GetFlagStatus
    main.o(i.main) refers to _printf_percent.o(.ARM.Collect$$_printf_percent$$00000000) for _printf_percent
    main.o(i.main) refers to _printf_d.o(.ARM.Collect$$_printf_percent$$00000009) for _printf_d
    main.o(i.main) refers to _printf_dec.o(.text) for _printf_int_dec
    main.o(i.main) refers to main.o(i.GPIO_Configuration) for GPIO_Configuration
    main.o(i.main) refers to main.o(i.NVIC_Config) for NVIC_Config
    main.o(i.main) refers to main.o(i.STM_EVAL_COMInit) for STM_EVAL_COMInit
    main.o(i.main) refers to main.o(i.USART_Configuration) for USART_Configuration
    main.o(i.main) refers to stm32f4xx_gpio.o(i.GPIO_SetBits) for GPIO_SetBits
    main.o(i.main) refers to stm32f4xx_usart.o(i.USART_ITConfig) for USART_ITConfig
    main.o(i.main) refers to stm32f4xx_usart.o(i.USART_SendData) for USART_SendData
    main.o(i.main) refers to sdio_sd.o(i.SD_Init) for SD_Init
    main.o(i.main) refers to sdio_sd.o(i.SD_GetCardInfo) for SD_GetCardInfo
    main.o(i.main) refers to sdio_sd.o(i.SD_SelectDeselect) for SD_SelectDeselect
    main.o(i.main) refers to ff.o(i.f_mount) for f_mount
    main.o(i.main) refers to ff.o(i.f_getfree) for f_getfree
    main.o(i.main) refers to ff.o(i.f_mkdir) for f_mkdir
    main.o(i.main) refers to ff.o(i.f_opendir) for f_opendir
[...]
    ../../armsys.c                           0x00000000   Number         0  argv_veneer.o ABSOLUTE
    ../../armsys.c                           0x00000000   Number         0  no_argv.o ABSOLUTE
    ../../armsys.c                           0x00000000   Number         0  argv_veneer.o ABSOLUTE
    ../../armsys.c                           0x00000000   Number         0  _get_argv_nomalloc.o ABSOLUTE
    ../../fpinit.s                           0x00000000   Number         0  fpinit.o ABSOLUTE
    ../../heapalloc.c                        0x00000000   Number         0  hrguard.o ABSOLUTE
    ../../heapaux.c                          0x00000000   Number         0  heapauxi.o ABSOLUTE
    ../../libinit.s                          0x00000000   Number         0  libshutdown.o ABSOLUTE
    ../../libinit.s                          0x00000000   Number         0  libshutdown2.o ABSOLUTE
    ../../libinit.s                          0x00000000   Number         0  libinit2.o ABSOLUTE
    ../../libinit.s                          0x00000000   Number         0  libinit.o ABSOLUTE
    ../../printf.c                           0x00000000   Number         0  __2sprintf.o ABSOLUTE
    ../../printf.c                           0x00000000   Number         0  _printf_intcommon.o ABSOLUTE
    ../../printf.c                           0x00000000   Number         0  _printf_char_common.o ABSOLUTE
    ../../printf.c                           0x00000000   Number         0  __printf_wp.o ABSOLUTE
    ../../printf.c                           0x00000000   Number         0  __printf_nopercent.o ABSOLUTE
    ../../printf.c                           0x00000000   Number         0  __printf_flags.o ABSOLUTE
    ../../printf.c                           0x00000000   Number         0  __printf_ss.o ABSOLUTE
    ../../printf.c                           0x00000000   Number         0  __printf_flags_ss.o ABSOLUTE
    ../../printf.c                           0x00000000   Number         0  _sputc.o ABSOLUTE
    ../../printf.c                           0x00000000   Number         0  __printf_flags_wp.o ABSOLUTE
    ../../printf.c                           0x00000000   Number         0  __printf_ss_wp.o ABSOLUTE
    ../../printf.c                           0x00000000   Number         0  __printf_flags_ss_wp.o ABSOLUTE
    ../../printf.c                           0x00000000   Number         0  _printf_dec.o ABSOLUTE
    ../../printf.c                           0x00000000   Number         0  __printf.o ABSOLUTE
    ../../printf.c                           0x00000000   Number         0  noretval__2sprintf.o ABSOLUTE
    ../../printf_percent.s                   0x00000000   Number         0  _printf_percent_end.o ABSOLUTE
    ../../printf_percent.s                   0x00000000   Number         0  _printf_d.o ABSOLUTE
    ../../printf_percent.s                   0x00000000   Number         0  _printf_percent.o ABSOLUTE
    ../../signal.c                           0x00000000   Number         0  defsig_segv_inner.o ABSOLUTE
    ../../signal.c                           0x00000000   Number         0  defsig_cppl_inner.o ABSOLUTE
    ../../signal.c                           0x00000000   Number         0  defsig_pvfn_inner.o ABSOLUTE
    ../../signal.c                           0x00000000   Number         0  defsig_stak_inner.o ABSOLUTE
    ../../signal.c                           0x00000000   Number         0  defsig_rtred_inner.o ABSOLUTE
    ../../signal.c                           0x00000000   Number         0  defsig_fpe_inner.o ABSOLUTE
    ../../signal.c                           0x00000000   Number         0  defsig_abrt_inner.o ABSOLUTE
    ../../signal.c                           0x00000000   Number         0  defsig_general.o ABSOLUTE
    ../../signal.c                           0x00000000   Number         0  __raise.o ABSOLUTE
    ../../signal.c                           0x00000000   Number         0  defsig_rtmem_inner.o ABSOLUTE
    ../../signal.c                           0x00000000   Number         0  defsig_exit.o ABSOLUTE
    ../../signal.c                           0x00000000   Number         0  defsig_rtmem_formal.o ABSOLUTE
    ../../signal.c                           0x00000000   Number         0  defsig_rtmem_outer.o ABSOLUTE
    ../../signal.c                           0x00000000   Number         0  defsig_other.o ABSOLUTE
    ../../signal.s                           0x00000000   Number         0  defsig.o ABSOLUTE
    ../../stdlib.c                           0x00000000   Number         0  exit.o ABSOLUTE
    ../../string.c                           0x00000000   Number         0  strcat.o ABSOLUTE
    ../../string.c                           0x00000000   Number         0  strlen.o ABSOLUTE
    ../../string.c                           0x00000000   Number         0  strcpy.o ABSOLUTE
    ..\STM32F4xx_StdPeriph_Driver\src\misc.c 0x00000000   Number         0  misc.o ABSOLUTE
    ..\STM32F4xx_StdPeriph_Driver\src\stm32f4xx_adc.c 0x00000000   Number         0  stm32f4xx_adc.o ABSOLUTE
    ..\STM32F4xx_StdPeriph_Driver\src\stm32f4xx_can.c 0x00000000   Number         0  stm32f4xx_can.o ABSOLUTE
    ..\STM32F4xx_StdPeriph_Driver\src\stm32f4xx_crc.c 0x00000000   Number         0  stm32f4xx_crc.o ABSOLUTE
    ..\STM32F4xx_StdPeriph_Driver\src\stm32f4xx_cryp.c 0x00000000   Number         0  stm32f4xx_cryp.o ABSOLUTE
    ..\STM32F4xx_StdPeriph_Driver\src\stm32f4xx_cryp_aes.c 0x00000000   Number         0  stm32f4xx_cryp_aes.o ABSOLUTE
    ..\STM32F4xx_StdPeriph_Driver\src\stm32f4xx_cryp_des.c 0x00000000   Number         0  stm32f4xx_cryp_des.o ABSOLUTE
    ..\STM32F4xx_StdPeriph_Driver\src\stm32f4xx_cryp_tdes.c 0x00000000   Number         0  stm32f4xx_cryp_tdes.o ABSOLUTE
    ..\STM32F4xx_StdPeriph_Driver\src\stm32f4xx_dac.c 0x00000000   Number         0  stm32f4xx_dac.o ABSOLUTE
    ..\STM32F4xx_StdPeriph_Driver\src\stm32f4xx_dbgmcu.c 0x00000000   Number         0  stm32f4xx_dbgmcu.o ABSOLUTE
    ..\STM32F4xx_StdPeriph_Driver\src\stm32f4xx_dcmi.c 0x00000000   Number         0  stm32f4xx_dcmi.o ABSOLUTE
    ..\STM32F4xx_StdPeriph_Driver\src\stm32f4xx_dma.c 0x00000000   Number         0  stm32f4xx_dma.o ABSOLUTE
    ..\STM32F4xx_StdPeriph_Driver\src\stm32f4xx_exti.c 0x00000000   Number         0  stm32f4xx_exti.o ABSOLUTE
    ..\STM32F4xx_StdPeriph_Driver\src\stm32f4xx_flash.c 0x00000000   Number         0  stm32f4xx_flash.o ABSOLUTE
    ..\STM32F4xx_StdPeriph_Driver\src\stm32f4xx_fsmc.c 0x00000000   Number         0  stm32f4xx_fsmc.o ABSOLUTE
    ..\STM32F4xx_StdPeriph_Driver\src\stm32f4xx_gpio.c 0x00000000   Number         0  stm32f4xx_gpio.o ABSOLUTE
    ..\STM32F4xx_StdPeriph_Driver\src\stm32f4xx_hash.c 0x00000000   Number         0  stm32f4xx_hash.o ABSOLUTE
    ..\STM32F4xx_StdPeriph_Driver\src\stm32f4xx_hash_md5.c 0x00000000   Number         0  stm32f4xx_hash_md5.o ABSOLUTE
    ..\STM32F4xx_StdPeriph_Driver\src\stm32f4xx_hash_sha1.c 0x00000000   Number         0  stm32f4xx_hash_sha1.o ABSOLUTE
    ..\STM32F4xx_StdPeriph_Driver\src\stm32f4xx_i2c.c 0x00000000   Number         0  stm32f4xx_i2c.o ABSOLUTE
    ..\STM32F4xx_StdPeriph_Driver\src\stm32f4xx_iwdg.c 0x00000000   Number         0  stm32f4xx_iwdg.o ABSOLUTE
    ..\STM32F4xx_StdPeriph_Driver\src\stm32f4xx_pwr.c 0x00000000   Number         0  stm32f4xx_pwr.o ABSOLUTE
    ..\STM32F4xx_StdPeriph_Driver\src\stm32f4xx_rcc.c 0x00000000   Number         0  stm32f4xx_rcc.o ABSOLUTE
    ..\STM32F4xx_StdPeriph_Driver\src\stm32f4xx_rng.c 0x00000000   Number         0  stm32f4xx_rng.o ABSOLUTE
    ..\STM32F4xx_StdPeriph_Driver\src\stm32f4xx_rtc.c 0x00000000   Number         0  stm32f4xx_rtc.o ABSOLUTE
    ..\STM32F4xx_StdPeriph_Driver\src\stm32f4xx_sdio.c 0x00000000   Number         0  stm32f4xx_sdio.o ABSOLUTE
    ..\STM32F4xx_StdPeriph_Driver\src\stm32f4xx_spi.c 0x00000000   Number         0  stm32f4xx_spi.o ABSOLUTE
    ..\STM32F4xx_StdPeriph_Driver\src\stm32f4xx_syscfg.c 0x00000000   Number         0  stm32f4xx_syscfg.o ABSOLUTE
    ..\STM32F4xx_StdPeriph_Driver\src\stm32f4xx_tim.c 0x00000000   Number         0  stm32f4xx_tim.o ABSOLUTE
    ..\STM32F4xx_StdPeriph_Driver\src\stm32f4xx_usart.c 0x00000000   Number         0  stm32f4xx_usart.o ABSOLUTE
    ..\STM32F4xx_StdPeriph_Driver\src\stm32f4xx_wwdg.c 0x00000000   Number         0  stm32f4xx_wwdg.o ABSOLUTE
    ..\Third_Party\fat_fs\src\diskio.c       0x00000000   Number         0  diskio.o ABSOLUTE
    ..\Third_Party\fat_fs\src\ff.c           0x00000000   Number         0  ff.o ABSOLUTE
    ..\\STM32F4xx_StdPeriph_Driver\\src\\misc.c 0x00000000   Number         0  misc.o ABSOLUTE
    ..\\STM32F4xx_StdPeriph_Driver\\src\\stm32f4xx_adc.c 0x00000000   Number         0  stm32f4xx_adc.o ABSOLUTE
    ..\\STM32F4xx_StdPeriph_Driver\\src\\stm32f4xx_can.c 0x00000000   Number         0  stm32f4xx_can.o ABSOLUTE
    ..\\STM32F4xx_StdPeriph_Driver\\src\\stm32f4xx_crc.c 0x00000000   Number         0  stm32f4xx_crc.o ABSOLUTE
    ..\\STM32F4xx_StdPeriph_Driver\\src\\stm32f4xx_cryp.c 0x00000000   Number         0  stm32f4xx_cryp.o ABSOLUTE
    ..\\STM32F4xx_StdPeriph_Driver\\src\\stm32f4xx_cryp_aes.c 0x00000000   Number         0  stm32f4xx_cryp_aes.o ABSOLUTE
    ..\\STM32F4xx_StdPeriph_Driver\\src\\stm32f4xx_cryp_des.c 0x00000000   Number         0  stm32f4xx_cryp_des.o ABSOLUTE
    ..\\STM32F4xx_StdPeriph_Driver\\src\\stm32f4xx_cryp_tdes.c 0x00000000   Number         0  stm32f4xx_cryp_tdes.o ABSOLUTE
    ..\\STM32F4xx_StdPeriph_Driver\\src\\stm32f4xx_dac.c 0x00000000   Number         0  stm32f4xx_dac.o ABSOLUTE
    ..\\STM32F4xx_StdPeriph_Driver\\src\\stm32f4xx_dbgmcu.c 0x00000000   Number         0  stm32f4xx_dbgmcu.o ABSOLUTE
    ..\\STM32F4xx_StdPeriph_Driver\\src\\stm32f4xx_dcmi.c 0x00000000   Number         0  stm32f4xx_dcmi.o ABSOLUTE
    ..\\STM32F4xx_StdPeriph_Driver\\src\\stm32f4xx_dma.c 0x00000000   Number         0  stm32f4xx_dma.o ABSOLUTE
    ..\\STM32F4xx_StdPeriph_Driver\\src\\stm32f4xx_exti.c 0x00000000   Number         0  stm32f4xx_exti.o ABSOLUTE
    ..\\STM32F4xx_StdPeriph_Driver\\src\\stm32f4xx_flash.c 0x00000000   Number         0  stm32f4xx_flash.o ABSOLUTE
    ..\\STM32F4xx_StdPeriph_Driver\\src\\stm32f4xx_fsmc.c 0x00000000   Number         0  stm32f4xx_fsmc.o ABSOLUTE
    ..\\STM32F4xx_StdPeriph_Driver\\src\\stm32f4xx_gpio.c 0x00000000   Number         0  stm32f4xx_gpio.o ABSOLUTE
    ..\\STM32F4xx_StdPeriph_Driver\\src\\stm32f4xx_hash.c 0x00000000   Number         0  stm32f4xx_hash.o ABSOLUTE
    ..\\STM32F4xx_StdPeriph_Driver\\src\\stm32f4xx_hash_md5.c 0x00000000   Number         0  stm32f4xx_hash_md5.o ABSOLUTE
    ..\\STM32F4xx_StdPeriph_Driver\\src\\stm32f4xx_hash_sha1.c 0x00000000   Number         0  stm32f4xx_hash_sha1.o ABSOLUTE
    ..\\STM32F4xx_StdPeriph_Driver\\src\\stm32f4xx_i2c.c 0x00000000   Number         0  stm32f4xx_i2c.o ABSOLUTE
    ..\\STM32F4xx_StdPeriph_Driver\\src\\stm32f4xx_iwdg.c 0x00000000   Number         0  stm32f4xx_iwdg.o ABSOLUTE
    ..\\STM32F4xx_StdPeriph_Driver\\src\\stm32f4xx_pwr.c 0x00000000   Number         0  stm32f4xx_pwr.o ABSOLUTE
    ..\\STM32F4xx_StdPeriph_Driver\\src\\stm32f4xx_rcc.c 0x00000000   Number         0  stm32f4xx_rcc.o ABSOLUTE
    ..\\STM32F4xx_StdPeriph_Driver\\src\\stm32f4xx_rng.c 0x00000000   Number         0  stm32f4xx_rng.o ABSOLUTE
    ..\\STM32F4xx_StdPeriph_Driver\\src\\stm32f4xx_rtc.c 0x00000000   Number         0  stm32f4xx_rtc.o ABSOLUTE
    ..\\STM32F4xx_StdPeriph_Driver\\src\\stm32f4xx_sdio.c 0x00000000   Number         0  stm32f4xx_sdio.o ABSOLUTE
    ..\\STM32F4xx_StdPeriph_Driver\\src\\stm32f4xx_spi.c 0x00000000   Number         0  stm32f4xx_spi.o ABSOLUTE
    ..\\STM32F4xx_StdPeriph_Driver\\src\\stm32f4xx_syscfg.c 0x00000000   Number         0  stm32f4xx_syscfg.o ABSOLUTE
    ..\\STM32F4xx_StdPeriph_Driver\\src\\stm32f4xx_tim.c 0x00000000   Number         0  stm32f4xx_tim.o ABSOLUTE
    ..\\STM32F4xx_StdPeriph_Driver\\src\\stm32f4xx_usart.c 0x00000000   Number         0  stm32f4xx_usart.o ABSOLUTE
    ..\\STM32F4xx_StdPeriph_Driver\\src\\stm32f4xx_wwdg.c 0x00000000   Number         0  stm32f4xx_wwdg.o ABSOLUTE
    ..\\Third_Party\\fat_fs\\src\\diskio.c   0x00000000   Number         0  diskio.o ABSOLUTE
    ..\\board\\src\\led.c                    0x00000000   Number         0  led.o ABSOLUTE
    ..\\board\\src\\sdio_sd.c                0x00000000   Number         0  sdio_sd.o ABSOLUTE
    ..\\src\\main.c                          0x00000000   Number         0  main.o ABSOLUTE
    ..\\src\\stm32f4xx_it.c                  0x00000000   Number         0  stm32f4xx_it.o ABSOLUTE
    ..\\src\\system_stm32f4xx.c              0x00000000   Number         0  system_stm32f4xx.o ABSOLUTE
    ..\board\src\led.c                       0x00000000   Number         0  led.o ABSOLUTE
    ..\board\src\sdio_sd.c                   0x00000000   Number         0  sdio_sd.o ABSOLUTE
    ..\src\main.c                            0x00000000   Number         0  main.o ABSOLUTE
    ..\src\stm32f4xx_it.c                    0x00000000   Number         0  stm32f4xx_it.o ABSOLUTE
    ..\src\system_stm32f4xx.c                0x00000000   Number         0  system_stm32f4xx.o ABSOLUTE
    dc.s                                     0x00000000   Number         0  dc.o ABSOLUTE
    startup_stm32f4xx.s                      0x00000000   Number         0  startup_stm32f4xx.o ABSOLUTE
    RESET                                    0x08000000   Section      392  startup_stm32f4xx.o(RESET)
    !!!main                                  0x08000188   Section        8  __main.o(!!!main)
    !!!scatter                               0x08000190   Section       52  __scatter.o(!!!scatter)
    !!handler_copy                           0x080001c4   Section       26  __scatter_copy.o(!!handler_copy)
    !!handler_zi                             0x080001e0   Section       28  __scatter_zi.o(!!handler_zi)
    .ARM.Collect$$_printf_percent$$00000000  0x080001fc   Section        0  _printf_percent.o(.ARM.Collect$$_printf_percent$$00000000)
    .ARM.Collect$$_printf_percent$$00000009  0x080001fc   Section        6  _printf_d.o(.ARM.Collect$$_printf_percent$$00000009)
    .ARM.Collect$$_printf_percent$$00000017  0x08000202   Section        4  _printf_percent_end.o(.ARM.Collect$$_printf_percent$$00000017)
    .ARM.Collect$$libinit$$00000000          0x08000206   Section        6  libinit.o(.ARM.Collect$$libinit$$00000000)
    .ARM.Collect$$libinit$$00000006          0x0800020c   Section        0  libinit2.o(.ARM.Collect$$libinit$$00000006)
    .ARM.Collect$$libinit$$00000008          0x0800020c   Section        0  libinit2.o(.ARM.Collect$$libinit$$00000008)
    .ARM.Collect$$libinit$$0000000A          0x0800020c   Section        0  libinit2.o(.ARM.Collect$$libinit$$0000000A)
    .ARM.Collect$$libinit$$0000000D          0x0800020c   Section        0  libinit2.o(.ARM.Collect$$libinit$$0000000D)
    .ARM.Collect$$libinit$$0000000F          0x0800020c   Section        0  libinit2.o(.ARM.Collect$$libinit$$0000000F)
    .ARM.Collect$$libinit$$00000011          0x0800020c   Section        0  libinit2.o(.ARM.Collect$$libinit$$00000011)
    .ARM.Collect$$libinit$$00000013          0x0800020c   Section        0  libinit2.o(.ARM.Collect$$libinit$$00000013)
    .ARM.Collect$$libinit$$00000015          0x0800020c   Section        0  libinit2.o(.ARM.Collect$$libinit$$00000015)
    .ARM.Collect$$libinit$$00000017          0x0800020c   Section        0  libinit2.o(.ARM.Collect$$libinit$$00000017)
    .ARM.Collect$$libinit$$00000019          0x0800020c   Section        0  libinit2.o(.ARM.Collect$$libinit$$00000019)
    .ARM.Collect$$libinit$$0000001B          0x0800020c   Section        0  libinit2.o(.ARM.Collect$$libinit$$0000001B)
    .ARM.Collect$$libinit$$0000001D          0x0800020c   Section        0  libinit2.o(.ARM.Collect$$libinit$$0000001D)
    .ARM.Collect$$libinit$$0000001F          0x0800020c   Section        0  libinit2.o(.ARM.Collect$$libinit$$0000001F)
    .ARM.Collect$$libinit$$00000021          0x0800020c   Section        0  libinit2.o(.ARM.Collect$$libinit$$00000021)
    .ARM.Collect$$libinit$$00000028          0x0800020c   Section        0  libinit2.o(.ARM.Collect$$libinit$$00000028)
    .ARM.Collect$$libinit$$0000002A          0x0800020c   Section        0  libinit2.o(.ARM.Collect$$libinit$$0000002A)
    .ARM.Collect$$libinit$$0000002C          0x0800020c   Section        0  libinit2.o(.ARM.Collect$$libinit$$0000002C)
    .ARM.Collect$$libinit$$0000002E          0x0800020c   Section        0  libinit2.o(.ARM.Collect$$libinit$$0000002E)
    .ARM.Collect$$libinit$$0000002F          0x0800020c   Section        2  libinit2.o(.ARM.Collect$$libinit$$0000002F)
    .ARM.Collect$$libshutdown$$00000000      0x0800020e   Section        2  libshutdown.o(.ARM.Collect$$libshutdown$$00000000)
    .ARM.Collect$$libshutdown$$00000003      0x08000210   Section        0  libshutdown2.o(.ARM.Collect$$libshutdown$$00000003)
    .ARM.Collect$$libshutdown$$00000006      0x08000210   Section        0  libshutdown2.o(.ARM.Collect$$libshutdown$$00000006)
    .ARM.Collect$$libshutdown$$00000009      0x08000210   Section        0  libshutdown2.o(.ARM.Collect$$libshutdown$$00000009)
    .ARM.Collect$$libshutdown$$0000000B      0x08000210   Section        0  libshutdown2.o(.ARM.Collect$$libshutdown$$0000000B)
    .ARM.Collect$$libshutdown$$0000000E      0x08000210   Section        0  libshutdown2.o(.ARM.Collect$$libshutdown$$0000000E)
    .ARM.Collect$$libshutdown$$0000000F      0x08000210   Section        2  libshutdown2.o(.ARM.Collect$$libshutdown$$0000000F)
    .ARM.Collect$$rtentry$$00000000          0x08000212   Section        0  rtentry.o(.ARM.Collect$$rtentry$$00000000)
    .ARM.Collect$$rtentry$$00000002          0x08000212   Section        0  rtentry2.o(.ARM.Collect$$rtentry$$00000002)
    .ARM.Collect$$rtentry$$00000004          0x08000212   Section        6  rtentry4.o(.ARM.Collect$$rtentry$$00000004)
    .ARM.Collect$$rtentry$$00000009          0x08000218   Section        0  rtentry2.o(.ARM.Collect$$rtentry$$00000009)
    .ARM.Collect$$rtentry$$0000000A          0x08000218   Section        4  rtentry2.o(.ARM.Collect$$rtentry$$0000000A)
    .ARM.Collect$$rtentry$$0000000C          0x0800021c   Section        0  rtentry2.o(.ARM.Collect$$rtentry$$0000000C)
    .ARM.Collect$$rtentry$$0000000D          0x0800021c   Section        8  rtentry2.o(.ARM.Collect$$rtentry$$0000000D)
    .ARM.Collect$$rtexit$$00000000           0x08000224   Section        2  rtexit.o(.ARM.Collect$$rtexit$$00000000)
    .ARM.Collect$$rtexit$$00000002           0x08000226   Section        0  rtexit2.o(.ARM.Collect$$rtexit$$00000002)
    .ARM.Collect$$rtexit$$00000003           0x08000226   Section        4  rtexit2.o(.ARM.Collect$$rtexit$$00000003)
    .ARM.Collect$$rtexit$$00000004           0x0800022a   Section        6  rtexit2.o(.ARM.Collect$$rtexit$$00000004)
    .text                                    0x08000230   Section       80  startup_stm32f4xx.o(.text)
    $v0                                      0x08000230   Number         0  startup_stm32f4xx.o(.text)
    .text                                    0x08000280   Section        0  noretval__2sprintf.o(.text)
    .text                                    0x080002a8   Section        0  __printf.o(.text)
    .text                                    0x08000314   Section        0  _printf_dec.o(.text)
    .text                                    0x0800038c   Section        0  strcpy.o(.text)
    .text                                    0x080003d4   Section        0  strlen.o(.text)
    .text                                    0x08000412   Section        0  strcat.o(.text)
    .text                                    0x0800042a   Section        0  heapauxi.o(.text)
    .text                                    0x08000430   Section        0  _printf_intcommon.o(.text)
    .text                                    0x080004e8   Section        0  _printf_char_common.o(.text)
    _printf_input_char                       0x080004e9   Thumb Code    10  _printf_char_common.o(.text)
    .text                                    0x08000518   Section        0  _sputc.o(.text)
    .text                                    0x08000522   Section       74  sys_stackheap_outer.o(.text)
    .text                                    0x0800056c   Section        0  exit.o(.text)
    .text                                    0x08000578   Section        8  libspace.o(.text)
    .text                                    0x08000580   Section        0  sys_exit.o(.text)
    .text                                    0x0800058c   Section        2  use_no_semi.o(.text)
    .text                                    0x0800058e   Section        0  indicate_semi.o(.text)
    i.BusFault_Handler                       0x0800058e   Section        0  stm32f4xx_it.o(i.BusFault_Handler)
    i.CmdResp1Error                          0x08000590   Section        0  sdio_sd.o(i.CmdResp1Error)
    CmdResp1Error                            0x08000591   Thumb Code   226  sdio_sd.o(i.CmdResp1Error)
    i.CmdResp2Error                          0x0800067c   Section        0  sdio_sd.o(i.CmdResp2Error)
    CmdResp2Error                            0x0800067d   Thumb Code    46  sdio_sd.o(i.CmdResp2Error)
    i.CmdResp6Error                          0x080006b0   Section        0  sdio_sd.o(i.CmdResp6Error)
    CmdResp6Error                            0x080006b1   Thumb Code   108  sdio_sd.o(i.CmdResp6Error)
    i.DMA2_Stream3_IRQHandler                0x08000720   Section        0  stm32f4xx_it.o(i.DMA2_Stream3_IRQHandler)
    i.DMA_ClearFlag                          0x08000724   Section        0  stm32f4xx_dma.o(i.DMA_ClearFlag)
    i.DMA_Cmd                                0x08000750   Section        0  stm32f4xx_dma.o(i.DMA_Cmd)
    i.DMA_DeInit                             0x08000764   Section        0  stm32f4xx_dma.o(i.DMA_DeInit)
    i.DMA_FlowControllerConfig               0x08000888   Section        0  stm32f4xx_dma.o(i.DMA_FlowControllerConfig)
    i.DMA_ITConfig                           0x0800089c   Section        0  stm32f4xx_dma.o(i.DMA_ITConfig)
    i.DMA_Init                               0x080008c8   Section        0  stm32f4xx_dma.o(i.DMA_Init)
    i.DebugMon_Handler                       0x0800091c   Section        0  stm32f4xx_it.o(i.DebugMon_Handler)
    i.FindSCR                                0x08000920   Section        0  sdio_sd.o(i.FindSCR)
    FindSCR                                  0x08000921   Thumb Code   294  sdio_sd.o(i.FindSCR)
    i.GPIO_Configuration                     0x08000a54   Section        0  main.o(i.GPIO_Configuration)
    i.GPIO_Init                              0x08000ab0   Section        0  stm32f4xx_gpio.o(i.GPIO_Init)
    i.GPIO_PinAFConfig                       0x08000b2c   Section        0  stm32f4xx_gpio.o(i.GPIO_PinAFConfig)
    i.GPIO_SetBits                           0x08000b4c   Section        0  stm32f4xx_gpio.o(i.GPIO_SetBits)
    i.HardFault_Handler                      0x08000b50   Section        0  stm32f4xx_it.o(i.HardFault_Handler)
    i.MemManage_Handler                      0x08000b52   Section        0  stm32f4xx_it.o(i.MemManage_Handler)
    i.NMI_Handler                            0x08000b54   Section        0  stm32f4xx_it.o(i.NMI_Handler)
    i.NVIC_Config                            0x08000b56   Section        0  main.o(i.NVIC_Config)
    i.NVIC_Configuration                     0x08000bd6   Section        0  sdio_sd.o(i.NVIC_Configuration)
    i.NVIC_Init                              0x08000c10   Section        0  misc.o(i.NVIC_Init)
    i.NVIC_PriorityGroupConfig               0x08000c74   Section        0  misc.o(i.NVIC_PriorityGroupConfig)
    i.PendSV_Handler                         0x08000c88   Section        0  stm32f4xx_it.o(i.PendSV_Handler)
    i.RCC_AHB1PeriphClockCmd                 0x08000c8c   Section        0  stm32f4xx_rcc.o(i.RCC_AHB1PeriphClockCmd)
    i.RCC_APB1PeriphClockCmd                 0x08000ca4   Section        0  stm32f4xx_rcc.o(i.RCC_APB1PeriphClockCmd)
    i.RCC_APB2PeriphClockCmd                 0x08000cbc   Section        0  stm32f4xx_rcc.o(i.RCC_APB2PeriphClockCmd)
    i.RCC_APB2PeriphResetCmd                 0x08000cd4   Section        0  stm32f4xx_rcc.o(i.RCC_APB2PeriphResetCmd)
    i.RCC_GetClocksFreq                      0x08000cec   Section        0  stm32f4xx_rcc.o(i.RCC_GetClocksFreq)
    i.SDEnWideBus                            0x08000d84   Section        0  sdio_sd.o(i.SDEnWideBus)
    SDEnWideBus                              0x08000d85   Thumb Code   188  sdio_sd.o(i.SDEnWideBus)
    i.SDIO_ClearFlag                         0x08000e48   Section        0  stm32f4xx_sdio.o(i.SDIO_ClearFlag)
    i.SDIO_ClearITPendingBit                 0x08000e54   Section        0  stm32f4xx_sdio.o(i.SDIO_ClearITPendingBit)
    i.SDIO_ClockCmd                          0x08000e60   Section        0  stm32f4xx_sdio.o(i.SDIO_ClockCmd)
    i.SDIO_DMACmd                            0x08000e6c   Section        0  stm32f4xx_sdio.o(i.SDIO_DMACmd)
    i.SDIO_DataConfig                        0x08000e78   Section        0  stm32f4xx_sdio.o(i.SDIO_DataConfig)
    i.SDIO_DeInit                            0x08000ea8   Section        0  stm32f4xx_sdio.o(i.SDIO_DeInit)
    i.SDIO_GetCommandResponse                0x08000ec0   Section        0  stm32f4xx_sdio.o(i.SDIO_GetCommandResponse)
    i.SDIO_GetFlagStatus                     0x08000ecc   Section        0  stm32f4xx_sdio.o(i.SDIO_GetFlagStatus)
    i.SDIO_GetITStatus                       0x08000ee0   Section        0  stm32f4xx_sdio.o(i.SDIO_GetITStatus)
    i.SDIO_GetPowerState                     0x08000ef4   Section        0  stm32f4xx_sdio.o(i.SDIO_GetPowerState)
    i.SDIO_GetResponse                       0x08000f04   Section        0  stm32f4xx_sdio.o(i.SDIO_GetResponse)
    i.SDIO_IRQHandler                        0x08000f10   Section        0  stm32f4xx_it.o(i.SDIO_IRQHandler)
    i.SDIO_ITConfig                          0x08000f14   Section        0  stm32f4xx_sdio.o(i.SDIO_ITConfig)
    i.SDIO_Init                              0x08000f2c   Section        0  stm32f4xx_sdio.o(i.SDIO_Init)
    i.SDIO_ReadData                          0x08000f58   Section        0  stm32f4xx_sdio.o(i.SDIO_ReadData)
    i.SDIO_SendCommand                       0x08000f64   Section        0  stm32f4xx_sdio.o(i.SDIO_SendCommand)
    i.SDIO_SetPowerState                     0x08000f8c   Section        0  stm32f4xx_sdio.o(i.SDIO_SetPowerState)
    i.SD_EnableWideBusOperation              0x08000f98   Section        0  sdio_sd.o(i.SD_EnableWideBusOperation)
    i.SD_GetCardInfo                         0x0800100c   Section        0  sdio_sd.o(i.SD_GetCardInfo)
    i.SD_GetState                            0x08001274   Section        0  sdio_sd.o(i.SD_GetState)
    i.SD_GetStatus                           0x0800128e   Section        0  sdio_sd.o(i.SD_GetStatus)
    i.SD_Init                                0x080012a8   Section        0  sdio_sd.o(i.SD_Init)
    i.SD_InitializeCards                     0x0800130c   Section        0  sdio_sd.o(i.SD_InitializeCards)
    i.SD_LowLevel_DMA_RxConfig               0x0800140c   Section        0  sdio_sd.o(i.SD_LowLevel_DMA_RxConfig)
    i.SD_LowLevel_DMA_TxConfig               0x08001494   Section        0  sdio_sd.o(i.SD_LowLevel_DMA_TxConfig)
    i.SD_LowLevel_Init                       0x0800151c   Section        0  sdio_sd.o(i.SD_LowLevel_Init)
    i.SD_PowerON                             0x080015c0   Section        0  sdio_sd.o(i.SD_PowerON)
    i.SD_ProcessDMAIRQ                       0x0800177c   Section        0  sdio_sd.o(i.SD_ProcessDMAIRQ)
    i.SD_ProcessIRQSrc                       0x080017a4   Section        0  sdio_sd.o(i.SD_ProcessIRQSrc)
    i.SD_ReadBlock                           0x08001834   Section        0  sdio_sd.o(i.SD_ReadBlock)
    i.SD_ReadMultiBlocks                     0x080018e4   Section        0  sdio_sd.o(i.SD_ReadMultiBlocks)
    i.SD_SelectDeselect                      0x080019a0   Section        0  sdio_sd.o(i.SD_SelectDeselect)
    i.SD_SendStatus                          0x080019cc   Section        0  sdio_sd.o(i.SD_SendStatus)
    i.SD_StopTransfer                        0x08001a14   Section        0  sdio_sd.o(i.SD_StopTransfer)
    i.SD_WaitReadOperation                   0x08001a3c   Section        0  sdio_sd.o(i.SD_WaitReadOperation)
    i.SD_WriteBlock                          0x08001aa0   Section        0  sdio_sd.o(i.SD_WriteBlock)
    i.SD_WriteMultiBlocks                    0x08001b4c   Section        0  sdio_sd.o(i.SD_WriteMultiBlocks)
    i.STM_EVAL_COMInit                       0x08001c50   Section        0  main.o(i.STM_EVAL_COMInit)
    i.SVC_Handler                            0x08001d94   Section        0  stm32f4xx_it.o(i.SVC_Handler)
    i.SetSysClock                            0x08001d98   Section        0  system_stm32f4xx.o(i.SetSysClock)
    SetSysClock                              0x08001d99   Thumb Code   140  system_stm32f4xx.o(i.SetSysClock)
    i.SystemInit                             0x08001e34   Section        0  system_stm32f4xx.o(i.SystemInit)
    i.UART4_IRQHandler                       0x08001e90   Section        0  stm32f4xx_it.o(i.UART4_IRQHandler)
    i.USART1_IRQHandler                      0x08001eb4   Section        0  stm32f4xx_it.o(i.USART1_IRQHandler)
    i.USART2_IRQHandler                      0x08001ed8   Section        0  stm32f4xx_it.o(i.USART2_IRQHandler)
    i.USART3_IRQHandler                      0x08001efc   Section        0  stm32f4xx_it.o(i.USART3_IRQHandler)
    i.USART6_IRQHandler                      0x08001f20   Section        0  stm32f4xx_it.o(i.USART6_IRQHandler)
    i.USART_Cmd                              0x08001f44   Section        0  stm32f4xx_usart.o(i.USART_Cmd)
    i.USART_Configuration                    0x08001f58   Section        0  main.o(i.USART_Configuration)
    i.USART_ITConfig                         0x08001fe8   Section        0  stm32f4xx_usart.o(i.USART_ITConfig)
    i.USART_Init                             0x08002018   Section        0  stm32f4xx_usart.o(i.USART_Init)
    i.USART_ReceiveData                      0x080020d0   Section        0  stm32f4xx_usart.o(i.USART_ReceiveData)
    i.USART_SendData                         0x080020d8   Section        0  stm32f4xx_usart.o(i.USART_SendData)
    i.UsageFault_Handler                     0x080020e0   Section        0  stm32f4xx_it.o(i.UsageFault_Handler)
    i.check_fs                               0x080020e4   Section        0  ff.o(i.check_fs)
    check_fs                                 0x080020e5   Thumb Code    86  ff.o(i.check_fs)
    i.chk_mounted                            0x08002140   Section        0  ff.o(i.chk_mounted)
    chk_mounted                              0x08002141   Thumb Code   522  ff.o(i.chk_mounted)
    i.clust2sect                             0x08002358   Section        0  ff.o(i.clust2sect)
    i.create_chain                           0x08002370   Section        0  ff.o(i.create_chain)
    create_chain                             0x08002371   Thumb Code   150  ff.o(i.create_chain)
    i.create_name                            0x08002408   Section        0  ff.o(i.create_name)
    create_name                              0x08002409   Thumb Code   282  ff.o(i.create_name)
    i.dir_next                               0x08002534   Section        0  ff.o(i.dir_next)
    dir_next                                 0x08002535   Thumb Code   238  ff.o(i.dir_next)
    i.dir_read                               0x08002622   Section        0  ff.o(i.dir_read)
    dir_read                                 0x08002623   Thumb Code    68  ff.o(i.dir_read)
    i.dir_register                           0x08002666   Section        0  ff.o(i.dir_register)
    dir_register                             0x08002667   Thumb Code    92  ff.o(i.dir_register)
    i.dir_sdi                                0x080026c2   Section        0  ff.o(i.dir_sdi)
    dir_sdi                                  0x080026c3   Thumb Code   126  ff.o(i.dir_sdi)
    i.disk_initialize                        0x08002740   Section        0  diskio.o(i.disk_initialize)
    i.disk_ioctl                             0x08002758   Section        0  diskio.o(i.disk_ioctl)
    i.disk_read                              0x08002784   Section        0  diskio.o(i.disk_read)
    i.disk_status                            0x080027c8   Section        0  diskio.o(i.disk_status)
    i.disk_write                             0x080027dc   Section        0  diskio.o(i.disk_write)
    i.f_getfree                              0x08002820   Section        0  ff.o(i.f_getfree)
    i.f_mkdir                                0x080028ee   Section        0  ff.o(i.f_mkdir)
    i.f_mount                                0x08002a84   Section        0  ff.o(i.f_mount)
    i.f_open                                 0x08002aa4   Section        0  ff.o(i.f_open)
    i.f_opendir                              0x08002bdc   Section        0  ff.o(i.f_opendir)
    i.f_readdir                              0x08002c2a   Section        0  ff.o(i.f_readdir)
    i.f_sync                                 0x08002c7a   Section        0  ff.o(i.f_sync)
    i.f_write                                0x08002d1e   Section        0  ff.o(i.f_write)
    i.follow_path                            0x08002eaa   Section        0  ff.o(i.follow_path)
    follow_path                              0x08002eab   Thumb Code   178  ff.o(i.follow_path)
    i.get_fat                                0x08002f5c   Section        0  ff.o(i.get_fat)
    i.get_fattime                            0x08003014   Section        0  diskio.o(i.get_fattime)
    i.get_fileinfo                           0x08003018   Section        0  ff.o(i.get_fileinfo)
    get_fileinfo                             0x08003019   Thumb Code   110  ff.o(i.get_fileinfo)
    i.main                                   0x08003088   Section        0  main.o(i.main)
    i.mem_cpy                                0x08003280   Section        0  ff.o(i.mem_cpy)
    mem_cpy                                  0x08003281   Thumb Code    18  ff.o(i.mem_cpy)
    i.mem_set                                0x08003292   Section        0  ff.o(i.mem_set)
    mem_set                                  0x08003293   Thumb Code    14  ff.o(i.mem_set)
    i.move_window                            0x080032a0   Section        0  ff.o(i.move_window)
    move_window                              0x080032a1   Thumb Code   106  ff.o(i.move_window)
    i.put_fat                                0x0800330c   Section        0  ff.o(i.put_fat)
    i.remove_chain                           0x08003402   Section        0  ff.o(i.remove_chain)
    remove_chain                             0x08003403   Thumb Code    98  ff.o(i.remove_chain)
    i.sync                                   0x08003464   Section        0  ff.o(i.sync)
    sync                                     0x08003465   Thumb Code   184  ff.o(i.sync)
    i.validate                               0x0800351c   Section        0  ff.o(i.validate)
    validate                                 0x0800351d   Thumb Code    32  ff.o(i.validate)
    x$fpl$fpinit                             0x0800353c   Section       10  fpinit.o(x$fpl$fpinit)
    $v0                                      0x0800353c   Number         0  fpinit.o(x$fpl$fpinit)
    .data                                    0x20000000   Section       16  main.o(.data)
    .data                                    0x20000010   Section        1  stm32f4xx_it.o(.data)
    .data                                    0x20000014   Section       24  sdio_sd.o(.data)
    CardType                                 0x20000018   Data           4  sdio_sd.o(.data)
    RCA                                      0x2000001c   Data           4  sdio_sd.o(.data)
    .data                                    0x2000002c   Section       16  stm32f4xx_rcc.o(.data)
    APBAHBPrescTable                         0x2000002c   Data          16  stm32f4xx_rcc.o(.data)
    .data                                    0x2000003c   Section        8  ff.o(.data)
    Fsid                                     0x2000003c   Data           2  ff.o(.data)
    FatFs                                    0x20000040   Data           4  ff.o(.data)
    .bss                                     0x20000044   Section     1088  main.o(.bss)
    .bss                                     0x20000484   Section      196  sdio_sd.o(.bss)
    CSD_Tab                                  0x20000484   Data          16  sdio_sd.o(.bss)
    CID_Tab                                  0x20000494   Data          16  sdio_sd.o(.bss)
    SDSTATUS_Tab                             0x200004a4   Data          16  sdio_sd.o(.bss)
    .bss                                     0x20000548   Section       96  libspace.o(.bss)
    HEAP                                     0x200005a8   Section      512  startup_stm32f4xx.o(HEAP)
    Heap_Mem                                 0x200005a8   Data         512  startup_stm32f4xx.o(HEAP)
    STACK                                    0x200007a8   Section     1024  startup_stm32f4xx.o(STACK)
    Stack_Mem                                0x200007a8   Data        1024  startup_stm32f4xx.o(STACK)
    __initial_sp                             0x20000ba8   Data           0  startup_stm32f4xx.o(STACK)

    Global Symbols

    Symbol Name                              Value     Ov Type        Size  Object(Section)

    BuildAttributes$$THM_ISAv4$E$P$D$K$B$S$7EM$VFPi3$EXTD16$VFPS$VFMA$PE$A:L22UL41UL21$X:L11$S22US41US21$IEEE1$IW$USESV6$~STKCKD$USESV7$~SHL$OSPACE$ROPI$EBA8$UX$STANDARDLIB$REQ8$PRES8$EABIv2 0x00000000   Number         0  anon$$obj.o ABSOLUTE
    __ARM_use_no_argv                        0x00000000   Number         0  main.o ABSOLUTE
    __ARM_exceptions_init                     - Undefined Weak Reference
    __alloca_initialize                       - Undefined Weak Reference
    __cpp_initialize__aeabi_                  - Undefined Weak Reference
    __cxa_finalize                            - Undefined Weak Reference
    __rt_locale                               - Undefined Weak Reference
    __sigvec_lookup                           - Undefined Weak Reference
    _atexit_init                              - Undefined Weak Reference
    _call_atexit_fns                          - Undefined Weak Reference
    _clock_init                               - Undefined Weak Reference
    _fp_trap_init                             - Undefined Weak Reference
    _fp_trap_shutdown                         - Undefined Weak Reference
    _get_lc_collate                           - Undefined Weak Reference
    _get_lc_ctype                             - Undefined Weak Reference
    _get_lc_monetary                          - Undefined Weak Reference
    _get_lc_numeric                           - Undefined Weak Reference
    _get_lc_time                              - Undefined Weak Reference
    _getenv_init                              - Undefined Weak Reference
    _handle_redirection                       - Undefined Weak Reference
    _init_alloc                               - Undefined Weak Reference
    _init_user_alloc                          - Undefined Weak Reference
    _initio                                   - Undefined Weak Reference
    _printf_post_padding                      - Undefined Weak Reference
    _printf_pre_padding                       - Undefined Weak Reference
    _printf_truncate_signed                   - Undefined Weak Reference
    _printf_truncate_unsigned                 - Undefined Weak Reference
    _rand_init                                - Undefined Weak Reference
    _signal_finish                            - Undefined Weak Reference
    _signal_init                              - Undefined Weak Reference
    _terminate_alloc                          - Undefined Weak Reference
    _terminate_user_alloc                     - Undefined Weak Reference
    _terminateio                              - Undefined Weak Reference
    __Vectors_Size                           0x00000188   Number         0  startup_stm32f4xx.o ABSOLUTE
    __Vectors                                0x08000000   Data           4  startup_stm32f4xx.o(RESET)
    __Vectors_End                            0x08000188   Data           0  startup_stm32f4xx.o(RESET)
    __main                                   0x08000189   Thumb Code     8  __main.o(!!!main)
    __scatterload                            0x08000191   Thumb Code     0  __scatter.o(!!!scatter)
    __scatterload_rt2                        0x08000191   Thumb Code    44  __scatter.o(!!!scatter)
    __scatterload_rt2_thumb_only             0x08000191   Thumb Code     0  __scatter.o(!!!scatter)
    __scatterload_null                       0x0800019f   Thumb Code     0  __scatter.o(!!!scatter)
    __scatterload_copy                       0x080001c5   Thumb Code    26  __scatter_copy.o(!!handler_copy)
    __scatterload_zeroinit                   0x080001e1   Thumb Code    28  __scatter_zi.o(!!handler_zi)
    _printf_d                                0x080001fd   Thumb Code     0  _printf_d.o(.ARM.Collect$$_printf_percent$$00000009)
    _printf_percent                          0x080001fd   Thumb Code     0  _printf_percent.o(.ARM.Collect$$_printf_percent$$00000000)
    _printf_percent_end                      0x08000203   Thumb Code     0  _printf_percent_end.o(.ARM.Collect$$_printf_percent$$00000017)
    __rt_lib_init                            0x08000207   Thumb Code     0  libinit.o(.ARM.Collect$$libinit$$00000000)
    __rt_lib_init_alloca_1                   0x0800020d   Thumb Code     0  libinit2.o(.ARM.Collect$$libinit$$0000002A)
    __rt_lib_init_argv_1                     0x0800020d   Thumb Code     0  libinit2.o(.ARM.Collect$$libinit$$00000028)
    __rt_lib_init_atexit_1                   0x0800020d   Thumb Code     0  libinit2.o(.ARM.Collect$$libinit$$00000017)
    __rt_lib_init_clock_1                    0x0800020d   Thumb Code     0  libinit2.o(.ARM.Collect$$libinit$$0000001D)
    __rt_lib_init_cpp_1                      0x0800020d   Thumb Code     0  libinit2.o(.ARM.Collect$$libinit$$0000002E)
    __rt_lib_init_exceptions_1               0x0800020d   Thumb Code     0  libinit2.o(.ARM.Collect$$libinit$$0000002C)
    __rt_lib_init_fp_trap_1                  0x0800020d   Thumb Code     0  libinit2.o(.ARM.Collect$$libinit$$0000001B)
    __rt_lib_init_getenv_1                   0x0800020d   Thumb Code     0  libinit2.o(.ARM.Collect$$libinit$$0000001F)
    __rt_lib_init_heap_1                     0x0800020d   Thumb Code     0  libinit2.o(.ARM.Collect$$libinit$$00000006)
    __rt_lib_init_lc_collate_1               0x0800020d   Thumb Code     0  libinit2.o(.ARM.Collect$$libinit$$0000000D)
    __rt_lib_init_lc_ctype_1                 0x0800020d   Thumb Code     0  libinit2.o(.ARM.Collect$$libinit$$0000000F)
    __rt_lib_init_lc_monetary_1              0x0800020d   Thumb Code     0  libinit2.o(.ARM.Collect$$libinit$$00000011)
    __rt_lib_init_lc_numeric_1               0x0800020d   Thumb Code     0  libinit2.o(.ARM.Collect$$libinit$$00000013)
    __rt_lib_init_lc_time_1                  0x0800020d   Thumb Code     0  libinit2.o(.ARM.Collect$$libinit$$00000015)
    __rt_lib_init_rand_1                     0x0800020d   Thumb Code     0  libinit2.o(.ARM.Collect$$libinit$$0000000A)
    __rt_lib_init_return                     0x0800020d   Thumb Code     0  libinit2.o(.ARM.Collect$$libinit$$0000002F)
    __rt_lib_init_signal_1                   0x0800020d   Thumb Code     0  libinit2.o(.ARM.Collect$$libinit$$00000019)
    __rt_lib_init_stdio_1                    0x0800020d   Thumb Code     0  libinit2.o(.ARM.Collect$$libinit$$00000021)
    __rt_lib_init_user_alloc_1               0x0800020d   Thumb Code     0  libinit2.o(.ARM.Collect$$libinit$$00000008)
    __rt_lib_shutdown                        0x0800020f   Thumb Code     0  libshutdown.o(.ARM.Collect$$libshutdown$$00000000)
    __rt_lib_shutdown_fp_trap_1              0x08000211   Thumb Code     0  libshutdown2.o(.ARM.Collect$$libshutdown$$00000006)
    __rt_lib_shutdown_heap_1                 0x08000211   Thumb Code     0  libshutdown2.o(.ARM.Collect$$libshutdown$$0000000E)
    __rt_lib_shutdown_return                 0x08000211   Thumb Code     0  libshutdown2.o(.ARM.Collect$$libshutdown$$0000000F)
    __rt_lib_shutdown_signal_1               0x08000211   Thumb Code     0  libshutdown2.o(.ARM.Collect$$libshutdown$$00000009)
    __rt_lib_shutdown_stdio_1                0x08000211   Thumb Code     0  libshutdown2.o(.ARM.Collect$$libshutdown$$00000003)
    __rt_lib_shutdown_user_alloc_1           0x08000211   Thumb Code     0  libshutdown2.o(.ARM.Collect$$libshutdown$$0000000B)
    __rt_entry                               0x08000213   Thumb Code     0  rtentry.o(.ARM.Collect$$rtentry$$00000000)
    __rt_entry_presh_1                       0x08000213   Thumb Code     0  rtentry2.o(.ARM.Collect$$rtentry$$00000002)
    __rt_entry_sh                            0x08000213   Thumb Code     0  rtentry4.o(.ARM.Collect$$rtentry$$00000004)
    __rt_entry_li                            0x08000219   Thumb Code     0  rtentry2.o(.ARM.Collect$$rtentry$$0000000A)
    __rt_entry_postsh_1                      0x08000219   Thumb Code     0  rtentry2.o(.ARM.Collect$$rtentry$$00000009)
    __rt_entry_main                          0x0800021d   Thumb Code     0  rtentry2.o(.ARM.Collect$$rtentry$$0000000D)
    __rt_entry_postli_1                      0x0800021d   Thumb Code     0  rtentry2.o(.ARM.Collect$$rtentry$$0000000C)
    __rt_exit                                0x08000225   Thumb Code     0  rtexit.o(.ARM.Collect$$rtexit$$00000000)
    __rt_exit_ls                             0x08000227   Thumb Code     0  rtexit2.o(.ARM.Collect$$rtexit$$00000003)
    __rt_exit_prels_1                        0x08000227   Thumb Code     0  rtexit2.o(.ARM.Collect$$rtexit$$00000002)
    __rt_exit_exit                           0x0800022b   Thumb Code     0  rtexit2.o(.ARM.Collect$$rtexit$$00000004)
    Reset_Handler                            0x08000231   Thumb Code    18  startup_stm32f4xx.o(.text)
    SysTick_Handler                          0x08000253   Thumb Code     2  startup_stm32f4xx.o(.text)
    ADC_IRQHandler                           0x08000255   Thumb Code     0  startup_stm32f4xx.o(.text)
    CAN1_RX0_IRQHandler                      0x08000255   Thumb Code     0  startup_stm32f4xx.o(.text)
    CAN1_RX1_IRQHandler                      0x08000255   Thumb Code     0  startup_stm32f4xx.o(.text)
    CAN1_SCE_IRQHandler                      0x08000255   Thumb Code     0  startup_stm32f4xx.o(.text)
    CAN1_TX_IRQHandler                       0x08000255   Thumb Code     0  startup_stm32f4xx.o(.text)
    CAN2_RX0_IRQHandler                      0x08000255   Thumb Code     0  startup_stm32f4xx.o(.text)
    CAN2_RX1_IRQHandler                      0x08000255   Thumb Code     0  startup_stm32f4xx.o(.text)
    CAN2_SCE_IRQHandler                      0x08000255   Thumb Code     0  startup_stm32f4xx.o(.text)
    CAN2_TX_IRQHandler                       0x08000255   Thumb Code     0  startup_stm32f4xx.o(.text)
    CRYP_IRQHandler                          0x08000255   Thumb Code     0  startup_stm32f4xx.o(.text)
    DCMI_IRQHandler                          0x08000255   Thumb Code     0  startup_stm32f4xx.o(.text)
    DMA1_Stream0_IRQHandler                  0x08000255   Thumb Code     0  startup_stm32f4xx.o(.text)
    DMA1_Stream1_IRQHandler                  0x08000255   Thumb Code     0  startup_stm32f4xx.o(.text)
    DMA1_Stream2_IRQHandler                  0x08000255   Thumb Code     0  startup_stm32f4xx.o(.text)
    DMA1_Stream3_IRQHandler                  0x08000255   Thumb Code     0  startup_stm32f4xx.o(.text)
    DMA1_Stream4_IRQHandler                  0x08000255   Thumb Code     0  startup_stm32f4xx.o(.text)
    DMA1_Stream5_IRQHandler                  0x08000255   Thumb Code     0  startup_stm32f4xx.o(.text)
    DMA1_Stream6_IRQHandler                  0x08000255   Thumb Code     0  startup_stm32f4xx.o(.text)
    DMA1_Stream7_IRQHandler                  0x08000255   Thumb Code     0  startup_stm32f4xx.o(.text)
    DMA2_Stream0_IRQHandler                  0x08000255   Thumb Code     0  startup_stm32f4xx.o(.text)
    DMA2_Stream1_IRQHandler                  0x08000255   Thumb Code     0  startup_stm32f4xx.o(.text)
    DMA2_Stream2_IRQHandler                  0x08000255   Thumb Code     0  startup_stm32f4xx.o(.text)
    DMA2_Stream4_IRQHandler                  0x08000255   Thumb Code     0  startup_stm32f4xx.o(.text)
    DMA2_Stream5_IRQHandler                  0x08000255   Thumb Code     0  startup_stm32f4xx.o(.text)
    DMA2_Stream6_IRQHandler                  0x08000255   Thumb Code     0  startup_stm32f4xx.o(.text)
    DMA2_Stream7_IRQHandler                  0x08000255   Thumb Code     0  startup_stm32f4xx.o(.text)
    ETH_IRQHandler                           0x08000255   Thumb Code     0  startup_stm32f4xx.o(.text)
    ETH_WKUP_IRQHandler                      0x08000255   Thumb Code     0  startup_stm32f4xx.o(.text)
    EXTI0_IRQHandler                         0x08000255   Thumb Code     0  startup_stm32f4xx.o(.text)
    EXTI15_10_IRQHandler                     0x08000255   Thumb Code     0  startup_stm32f4xx.o(.text)
    EXTI1_IRQHandler                         0x08000255   Thumb Code     0  startup_stm32f4xx.o(.text)
    EXTI2_IRQHandler                         0x08000255   Thumb Code     0  startup_stm32f4xx.o(.text)
    EXTI3_IRQHandler                         0x08000255   Thumb Code     0  startup_stm32f4xx.o(.text)
    EXTI4_IRQHandler                         0x08000255   Thumb Code     0  startup_stm32f4xx.o(.text)
    EXTI9_5_IRQHandler                       0x08000255   Thumb Code     0  startup_stm32f4xx.o(.text)
    FLASH_IRQHandler                         0x08000255   Thumb Code     0  startup_stm32f4xx.o(.text)
    FPU_IRQHandler                           0x08000255   Thumb Code     0  startup_stm32f4xx.o(.text)
    FSMC_IRQHandler                          0x08000255   Thumb Code     0  startup_stm32f4xx.o(.text)
    HASH_RNG_IRQHandler                      0x08000255   Thumb Code     0  startup_stm32f4xx.o(.text)
    I2C1_ER_IRQHandler                       0x08000255   Thumb Code     0  startup_stm32f4xx.o(.text)
    I2C1_EV_IRQHandler                       0x08000255   Thumb Code     0  startup_stm32f4xx.o(.text)
    I2C2_ER_IRQHandler                       0x08000255   Thumb Code     0  startup_stm32f4xx.o(.text)
    I2C2_EV_IRQHandler                       0x08000255   Thumb Code     0  startup_stm32f4xx.o(.text)
    I2C3_ER_IRQHandler                       0x08000255   Thumb Code     0  startup_stm32f4xx.o(.text)
    I2C3_EV_IRQHandler                       0x08000255   Thumb Code     0  startup_stm32f4xx.o(.text)
    OTG_FS_IRQHandler                        0x08000255   Thumb Code     0  startup_stm32f4xx.o(.text)
    OTG_FS_WKUP_IRQHandler                   0x08000255   Thumb Code     0  startup_stm32f4xx.o(.text)
    OTG_HS_EP1_IN_IRQHandler                 0x08000255   Thumb Code     0  startup_stm32f4xx.o(.text)
    OTG_HS_EP1_OUT_IRQHandler                0x08000255   Thumb Code     0  startup_stm32f4xx.o(.text)
    OTG_HS_IRQHandler                        0x08000255   Thumb Code     0  startup_stm32f4xx.o(.text)
    OTG_HS_WKUP_IRQHandler                   0x08000255   Thumb Code     0  startup_stm32f4xx.o(.text)
    PVD_IRQHandler                           0x08000255   Thumb Code     0  startup_stm32f4xx.o(.text)
    RCC_IRQHandler                           0x08000255   Thumb Code     0  startup_stm32f4xx.o(.text)
    RTC_Alarm_IRQHandler                     0x08000255   Thumb Code     0  startup_stm32f4xx.o(.text)
    RTC_WKUP_IRQHandler                      0x08000255   Thumb Code     0  startup_stm32f4xx.o(.text)
    SPI1_IRQHandler                          0x08000255   Thumb Code     0  startup_stm32f4xx.o(.text)
    SPI2_IRQHandler                          0x08000255   Thumb Code     0  startup_stm32f4xx.o(.text)
    SPI3_IRQHandler                          0x08000255   Thumb Code     0  startup_stm32f4xx.o(.text)
    TAMP_STAMP_IRQHandler                    0x08000255   Thumb Code     0  startup_stm32f4xx.o(.text)
    TIM1_BRK_TIM9_IRQHandler                 0x08000255   Thumb Code     0  startup_stm32f4xx.o(.text)
    TIM1_CC_IRQHandler                       0x08000255   Thumb Code     0  startup_stm32f4xx.o(.text)
    TIM1_TRG_COM_TIM11_IRQHandler            0x08000255   Thumb Code     0  startup_stm32f4xx.o(.text)
    TIM1_UP_TIM10_IRQHandler                 0x08000255   Thumb Code     0  startup_stm32f4xx.o(.text)
    TIM2_IRQHandler                          0x08000255   Thumb Code     0  startup_stm32f4xx.o(.text)
    TIM3_IRQHandler                          0x08000255   Thumb Code     0  startup_stm32f4xx.o(.text)
    TIM4_IRQHandler                          0x08000255   Thumb Code     0  startup_stm32f4xx.o(.text)
    TIM5_IRQHandler                          0x08000255   Thumb Code     0  startup_stm32f4xx.o(.text)
    TIM6_DAC_IRQHandler                      0x08000255   Thumb Code     0  startup_stm32f4xx.o(.text)
    TIM7_IRQHandler                          0x08000255   Thumb Code     0  startup_stm32f4xx.o(.text)
    TIM8_BRK_TIM12_IRQHandler                0x08000255   Thumb Code     0  startup_stm32f4xx.o(.text)
    TIM8_CC_IRQHandler                       0x08000255   Thumb Code     0  startup_stm32f4xx.o(.text)
    TIM8_TRG_COM_TIM14_IRQHandler            0x08000255   Thumb Code     0  startup_stm32f4xx.o(.text)
    TIM8_UP_TIM13_IRQHandler                 0x08000255   Thumb Code     0  startup_stm32f4xx.o(.text)
    UART5_IRQHandler                         0x08000255   Thumb Code     0  startup_stm32f4xx.o(.text)
    WWDG_IRQHandler                          0x08000255   Thumb Code     0  startup_stm32f4xx.o(.text)
    __user_initial_stackheap                 0x08000259   Thumb Code     0  startup_stm32f4xx.o(.text)
    __2sprintf                               0x08000281   Thumb Code    34  noretval__2sprintf.o(.text)
    __printf                                 0x080002a9   Thumb Code   106  __printf.o(.text)
    _printf_int_dec                          0x08000315   Thumb Code   102  _printf_dec.o(.text)
    strcpy                                   0x0800038d   Thumb Code    72  strcpy.o(.text)
    strlen                                   0x080003d5   Thumb Code    62  strlen.o(.text)
    strcat                                   0x08000413   Thumb Code    24  strcat.o(.text)
    __use_two_region_memory                  0x0800042b   Thumb Code     2  heapauxi.o(.text)
    __rt_heap_escrow$2region                 0x0800042d   Thumb Code     2  heapauxi.o(.text)
    __rt_heap_expand$2region                 0x0800042f   Thumb Code     2  heapauxi.o(.text)
    _printf_int_common                       0x08000431   Thumb Code   184  _printf_intcommon.o(.text)
    _printf_char_common                      0x080004f3   Thumb Code    32  _printf_char_common.o(.text)
    _sputc                                   0x08000519   Thumb Code    10  _sputc.o(.text)
    __user_setup_stackheap                   0x08000523   Thumb Code    74  sys_stackheap_outer.o(.text)
    exit                                     0x0800056d   Thumb Code    12  exit.o(.text)
    __user_libspace                          0x08000579   Thumb Code     8  libspace.o(.text)
    __user_perproc_libspace                  0x08000579   Thumb Code     0  libspace.o(.text)
    __user_perthread_libspace                0x08000579   Thumb Code     0  libspace.o(.text)
    _sys_exit                                0x08000581   Thumb Code     8  sys_exit.o(.text)
    __I$use$semihosting                      0x0800058d   Thumb Code     0  use_no_semi.o(.text)
    __use_no_semihosting_swi                 0x0800058d   Thumb Code     2  use_no_semi.o(.text)
    BusFault_Handler                         0x0800058f   Thumb Code     2  stm32f4xx_it.o(i.BusFault_Handler)
    __semihosting_library_function           0x0800058f   Thumb Code     0  indicate_semi.o(.text)
    DMA2_Stream3_IRQHandler                  0x08000721   Thumb Code     4  stm32f4xx_it.o(i.DMA2_Stream3_IRQHandler)
    DMA_ClearFlag                            0x08000725   Thumb Code    32  stm32f4xx_dma.o(i.DMA_ClearFlag)
    DMA_Cmd                                  0x08000751   Thumb Code    20  stm32f4xx_dma.o(i.DMA_Cmd)
    DMA_DeInit                               0x08000765   Thumb Code   270  stm32f4xx_dma.o(i.DMA_DeInit)
    DMA_FlowControllerConfig                 0x08000889   Thumb Code    20  stm32f4xx_dma.o(i.DMA_FlowControllerConfig)
    DMA_ITConfig                             0x0800089d   Thumb Code    44  stm32f4xx_dma.o(i.DMA_ITConfig)
    DMA_Init                                 0x080008c9   Thumb Code    80  stm32f4xx_dma.o(i.DMA_Init)
    DebugMon_Handler                         0x0800091d   Thumb Code     2  stm32f4xx_it.o(i.DebugMon_Handler)
    GPIO_Configuration                       0x08000a55   Thumb Code    82  main.o(i.GPIO_Configuration)
    GPIO_Init                                0x08000ab1   Thumb Code   124  stm32f4xx_gpio.o(i.GPIO_Init)
    GPIO_PinAFConfig                         0x08000b2d   Thumb Code    32  stm32f4xx_gpio.o(i.GPIO_PinAFConfig)
    GPIO_SetBits                             0x08000b4d   Thumb Code     4  stm32f4xx_gpio.o(i.GPIO_SetBits)
    HardFault_Handler                        0x08000b51   Thumb Code     2  stm32f4xx_it.o(i.HardFault_Handler)
    MemManage_Handler                        0x08000b53   Thumb Code     2  stm32f4xx_it.o(i.MemManage_Handler)
    NMI_Handler                              0x08000b55   Thumb Code     2  stm32f4xx_it.o(i.NMI_Handler)
    NVIC_Config                              0x08000b57   Thumb Code   128  main.o(i.NVIC_Config)
    NVIC_Configuration                       0x08000bd7   Thumb Code    56  sdio_sd.o(i.NVIC_Configuration)
    NVIC_Init                                0x08000c11   Thumb Code    92  misc.o(i.NVIC_Init)
    NVIC_PriorityGroupConfig                 0x08000c75   Thumb Code    10  misc.o(i.NVIC_PriorityGroupConfig)
    PendSV_Handler                           0x08000c89   Thumb Code     2  stm32f4xx_it.o(i.PendSV_Handler)
    RCC_AHB1PeriphClockCmd                   0x08000c8d   Thumb Code    18  stm32f4xx_rcc.o(i.RCC_AHB1PeriphClockCmd)
    RCC_APB1PeriphClockCmd                   0x08000ca5   Thumb Code    18  stm32f4xx_rcc.o(i.RCC_APB1PeriphClockCmd)
    RCC_APB2PeriphClockCmd                   0x08000cbd   Thumb Code    18  stm32f4xx_rcc.o(i.RCC_APB2PeriphClockCmd)
    RCC_APB2PeriphResetCmd                   0x08000cd5   Thumb Code    18  stm32f4xx_rcc.o(i.RCC_APB2PeriphResetCmd)
    RCC_GetClocksFreq                        0x08000ced   Thumb Code   138  stm32f4xx_rcc.o(i.RCC_GetClocksFreq)
    SDIO_ClearFlag                           0x08000e49   Thumb Code     6  stm32f4xx_sdio.o(i.SDIO_ClearFlag)
    SDIO_ClearITPendingBit                   0x08000e55   Thumb Code     6  stm32f4xx_sdio.o(i.SDIO_ClearITPendingBit)
    SDIO_ClockCmd                            0x08000e61   Thumb Code     6  stm32f4xx_sdio.o(i.SDIO_ClockCmd)
    SDIO_DMACmd                              0x08000e6d   Thumb Code     6  stm32f4xx_sdio.o(i.SDIO_DMACmd)
    SDIO_DataConfig                          0x08000e79   Thumb Code    42  stm32f4xx_sdio.o(i.SDIO_DataConfig)
    SDIO_DeInit                              0x08000ea9   Thumb Code    24  stm32f4xx_sdio.o(i.SDIO_DeInit)
    SDIO_GetCommandResponse                  0x08000ec1   Thumb Code     8  stm32f4xx_sdio.o(i.SDIO_GetCommandResponse)
    SDIO_GetFlagStatus                       0x08000ecd   Thumb Code    16  stm32f4xx_sdio.o(i.SDIO_GetFlagStatus)
    SDIO_GetITStatus                         0x08000ee1   Thumb Code    16  stm32f4xx_sdio.o(i.SDIO_GetITStatus)
    SDIO_GetPowerState                       0x08000ef5   Thumb Code    10  stm32f4xx_sdio.o(i.SDIO_GetPowerState)
    SDIO_GetResponse                         0x08000f05   Thumb Code     6  stm32f4xx_sdio.o(i.SDIO_GetResponse)
    SDIO_IRQHandler                          0x08000f11   Thumb Code     4  stm32f4xx_it.o(i.SDIO_IRQHandler)
    SDIO_ITConfig                            0x08000f15   Thumb Code    18  stm32f4xx_sdio.o(i.SDIO_ITConfig)
    SDIO_Init                                0x08000f2d   Thumb Code    40  stm32f4xx_sdio.o(i.SDIO_Init)
    SDIO_ReadData                            0x08000f59   Thumb Code     6  stm32f4xx_sdio.o(i.SDIO_ReadData)
    SDIO_SendCommand                         0x08000f65   Thumb Code    36  stm32f4xx_sdio.o(i.SDIO_SendCommand)
    SDIO_SetPowerState                       0x08000f8d   Thumb Code     6  stm32f4xx_sdio.o(i.SDIO_SetPowerState)
    SD_EnableWideBusOperation                0x08000f99   Thumb Code   106  sdio_sd.o(i.SD_EnableWideBusOperation)
    SD_GetCardInfo                           0x0800100d   Thumb Code   606  sdio_sd.o(i.SD_GetCardInfo)
    SD_GetState                              0x08001275   Thumb Code    26  sdio_sd.o(i.SD_GetState)
    SD_GetStatus                             0x0800128f   Thumb Code    26  sdio_sd.o(i.SD_GetStatus)
    SD_Init                                  0x080012a9   Thumb Code    94  sdio_sd.o(i.SD_Init)
    SD_InitializeCards                       0x0800130d   Thumb Code   246  sdio_sd.o(i.SD_InitializeCards)
    SD_LowLevel_DMA_RxConfig                 0x0800140d   Thumb Code   126  sdio_sd.o(i.SD_LowLevel_DMA_RxConfig)
    SD_LowLevel_DMA_TxConfig                 0x08001495   Thumb Code   128  sdio_sd.o(i.SD_LowLevel_DMA_TxConfig)
    SD_LowLevel_Init                         0x0800151d   Thumb Code   156  sdio_sd.o(i.SD_LowLevel_Init)
    SD_PowerON                               0x080015c1   Thumb Code   428  sdio_sd.o(i.SD_PowerON)
    SD_ProcessDMAIRQ                         0x0800177d   Thumb Code    30  sdio_sd.o(i.SD_ProcessDMAIRQ)
    SD_ProcessIRQSrc                         0x080017a5   Thumb Code   140  sdio_sd.o(i.SD_ProcessIRQSrc)
    SD_ReadBlock                             0x08001835   Thumb Code   162  sdio_sd.o(i.SD_ReadBlock)
    SD_ReadMultiBlocks                       0x080018e5   Thumb Code   174  sdio_sd.o(i.SD_ReadMultiBlocks)
    SD_SelectDeselect                        0x080019a1   Thumb Code    40  sdio_sd.o(i.SD_SelectDeselect)
    SD_SendStatus                            0x080019cd   Thumb Code    62  sdio_sd.o(i.SD_SendStatus)
    SD_StopTransfer                          0x08001a15   Thumb Code    36  sdio_sd.o(i.SD_StopTransfer)
    SD_WaitReadOperation                     0x08001a3d   Thumb Code    92  sdio_sd.o(i.SD_WaitReadOperation)
    SD_WriteBlock                            0x08001aa1   Thumb Code   160  sdio_sd.o(i.SD_WriteBlock)
    SD_WriteMultiBlocks                      0x08001b4d   Thumb Code   248  sdio_sd.o(i.SD_WriteMultiBlocks)
    STM_EVAL_COMInit                         0x08001c51   Thumb Code   312  main.o(i.STM_EVAL_COMInit)
    SVC_Handler                              0x08001d95   Thumb Code     2  stm32f4xx_it.o(i.SVC_Handler)
    SystemInit                               0x08001e35   Thumb Code    74  system_stm32f4xx.o(i.SystemInit)
    UART4_IRQHandler                         0x08001e91   Thumb Code    24  stm32f4xx_it.o(i.UART4_IRQHandler)
    USART1_IRQHandler                        0x08001eb5   Thumb Code    26  stm32f4xx_it.o(i.USART1_IRQHandler)
    USART2_IRQHandler                        0x08001ed9   Thumb Code    26  stm32f4xx_it.o(i.USART2_IRQHandler)
    USART3_IRQHandler                        0x08001efd   Thumb Code    26  stm32f4xx_it.o(i.USART3_IRQHandler)
    USART6_IRQHandler                        0x08001f21   Thumb Code    26  stm32f4xx_it.o(i.USART6_IRQHandler)
    USART_Cmd                                0x08001f45   Thumb Code    20  stm32f4xx_usart.o(i.USART_Cmd)
    USART_Configuration                      0x08001f59   Thumb Code   124  main.o(i.USART_Configuration)
    USART_ITConfig                           0x08001fe9   Thumb Code    48  stm32f4xx_usart.o(i.USART_ITConfig)
    USART_Init                               0x08002019   Thumb Code   174  stm32f4xx_usart.o(i.USART_Init)
    USART_ReceiveData                        0x080020d1   Thumb Code     8  stm32f4xx_usart.o(i.USART_ReceiveData)
    USART_SendData                           0x080020d9   Thumb Code     8  stm32f4xx_usart.o(i.USART_SendData)
    UsageFault_Handler                       0x080020e1   Thumb Code     2  stm32f4xx_it.o(i.UsageFault_Handler)
    clust2sect                               0x08002359   Thumb Code    24  ff.o(i.clust2sect)
    disk_initialize                          0x08002741   Thumb Code    22  diskio.o(i.disk_initialize)
    disk_ioctl                               0x08002759   Thumb Code    40  diskio.o(i.disk_ioctl)
    disk_read                                0x08002785   Thumb Code    64  diskio.o(i.disk_read)
    disk_status                              0x080027c9   Thumb Code    20  diskio.o(i.disk_status)
    disk_write                               0x080027dd   Thumb Code    64  diskio.o(i.disk_write)
    f_getfree                                0x08002821   Thumb Code   206  ff.o(i.f_getfree)
    f_mkdir                                  0x080028ef   Thumb Code   404  ff.o(i.f_mkdir)
    f_mount                                  0x08002a85   Thumb Code    26  ff.o(i.f_mount)
    f_open                                   0x08002aa5   Thumb Code   312  ff.o(i.f_open)
    f_opendir                                0x08002bdd   Thumb Code    78  ff.o(i.f_opendir)
    f_readdir                                0x08002c2b   Thumb Code    80  ff.o(i.f_readdir)
    f_sync                                   0x08002c7b   Thumb Code   164  ff.o(i.f_sync)
    f_write                                  0x08002d1f   Thumb Code   396  ff.o(i.f_write)
    get_fat                                  0x08002f5d   Thumb Code   184  ff.o(i.get_fat)
    get_fattime                              0x08003015   Thumb Code     4  diskio.o(i.get_fattime)
    main                                     0x08003089   Thumb Code   302  main.o(i.main)
    put_fat                                  0x0800330d   Thumb Code   246  ff.o(i.put_fat)
    _fp_init                                 0x0800353d   Thumb Code    10  fpinit.o(x$fpl$fpinit)
    __fplib_config_fpu_vfp                   0x08003545   Thumb Code     0  fpinit.o(x$fpl$fpinit)
    __fplib_config_pureend_doubles           0x08003545   Thumb Code     0  fpinit.o(x$fpl$fpinit)
    Region$$Table$$Base                      0x08003548   Number         0  anon$$obj.o(Region$$Table)
    Region$$Table$$Limit                     0x08003568   Number         0  anon$$obj.o(Region$$Table)
    Filenum                                  0x20000000   Data           1  main.o(.data)
    Status                                   0x20000001   Data           1  main.o(.data)
    fp                                       0x20000002   Data           1  main.o(.data)
    br                                       0x20000004   Data           4  main.o(.data)
    free_clust                               0x20000008   Data           4  main.o(.data)
    fss                                      0x2000000c   Data           4  main.o(.data)
    RxData                                   0x20000010   Data           1  stm32f4xx_it.o(.data)
    TransferError                            0x20000014   Data           1  sdio_sd.o(.data)
    StopCondition                            0x20000020   Data           4  sdio_sd.o(.data)
    TransferEnd                              0x20000024   Data           4  sdio_sd.o(.data)
    DMAEndOfTransfer                         0x20000028   Data           4  sdio_sd.o(.data)
    Filename                                 0x20000044   Data         256  main.o(.bss)
    fsrc                                     0x20000144   Data         548  main.o(.bss)
    DirObject                                0x20000368   Data          28  main.o(.bss)
    str                                      0x20000384   Data         256  main.o(.bss)
    SDCardInfo                               0x200004b4   Data          80  sdio_sd.o(.bss)
    SDIO_InitStructure                       0x20000504   Data          24  sdio_sd.o(.bss)
    SDIO_CmdInitStructure                    0x2000051c   Data          20  sdio_sd.o(.bss)
    SDIO_DataInitStructure                   0x20000530   Data          24  sdio_sd.o(.bss)
    __libspace_start                         0x20000548   Data          96  libspace.o(.bss)
    __temporary_stack_top$libspace           0x200005a8   Data           0  libspace.o(.bss)



==============================================================================

Memory Map of the image

  Image Entry point : 0x08000189

  Load Region LR_IROM1 (Base: 0x08000000, Size: 0x000035ac, Max: 0x00100000, ABSOLUTE)

    Execution Region ER_IROM1 (Base: 0x08000000, Size: 0x00003568, Max: 0x00100000, ABSOLUTE)

    Base Addr    Size         Type   Attr      Idx    E Section Name        Object

    0x08000000   0x00000188   Data   RO            3    RESET               startup_stm32f4xx.o
    0x08000188   0x00000008   Code   RO         5027  * !!!main             c_w.l(__main.o)
    0x08000190   0x00000034   Code   RO         5188    !!!scatter          c_w.l(__scatter.o)
    0x080001c4   0x0000001a   Code   RO         5190    !!handler_copy      c_w.l(__scatter_copy.o)
    0x080001de   0x00000002   PAD
    0x080001e0   0x0000001c   Code   RO         5192    !!handler_zi        c_w.l(__scatter_zi.o)
    0x080001fc   0x00000000   Code   RO         5018    .ARM.Collect$$_printf_percent$$00000000  c_w.l(_printf_percent.o)
    0x080001fc   0x00000006   Code   RO         5017    .ARM.Collect$$_printf_percent$$00000009  c_w.l(_printf_d.o)
    0x08000202   0x00000004   Code   RO         5036    .ARM.Collect$$_printf_percent$$00000017  c_w.l(_printf_percent_end.o)
    0x08000206   0x00000006   Code   RO         5063    .ARM.Collect$$libinit$$00000000  c_w.l(libinit.o)
    0x0800020c   0x00000000   Code   RO         5071    .ARM.Collect$$libinit$$00000006  c_w.l(libinit2.o)
    0x0800020c   0x00000000   Code   RO         5073    .ARM.Collect$$libinit$$00000008  c_w.l(libinit2.o)
    0x0800020c   0x00000000   Code   RO         5075    .ARM.Collect$$libinit$$0000000A  c_w.l(libinit2.o)
    0x0800020c   0x00000000   Code   RO         5078    .ARM.Collect$$libinit$$0000000D  c_w.l(libinit2.o)
    0x0800020c   0x00000000   Code   RO         5080    .ARM.Collect$$libinit$$0000000F  c_w.l(libinit2.o)
    0x0800020c   0x00000000   Code   RO         5082    .ARM.Collect$$libinit$$00000011  c_w.l(libinit2.o)
    0x0800020c   0x00000000   Code   RO         5084    .ARM.Collect$$libinit$$00000013  c_w.l(libinit2.o)
    0x0800020c   0x00000000   Code   RO         5086    .ARM.Collect$$libinit$$00000015  c_w.l(libinit2.o)
    0x0800020c   0x00000000   Code   RO         5088    .ARM.Collect$$libinit$$00000017  c_w.l(libinit2.o)
    0x0800020c   0x00000000   Code   RO         5090    .ARM.Collect$$libinit$$00000019  c_w.l(libinit2.o)
    0x0800020c   0x00000000   Code   RO         5092    .ARM.Collect$$libinit$$0000001B  c_w.l(libinit2.o)
    0x0800020c   0x00000000   Code   RO         5094    .ARM.Collect$$libinit$$0000001D  c_w.l(libinit2.o)
    0x0800020c   0x00000000   Code   RO         5096    .ARM.Collect$$libinit$$0000001F  c_w.l(libinit2.o)
    0x0800020c   0x00000000   Code   RO         5098    .ARM.Collect$$libinit$$00000021  c_w.l(libinit2.o)
    0x0800020c   0x00000000   Code   RO         5102    .ARM.Collect$$libinit$$00000028  c_w.l(libinit2.o)
    0x0800020c   0x00000000   Code   RO         5104    .ARM.Collect$$libinit$$0000002A  c_w.l(libinit2.o)
    0x0800020c   0x00000000   Code   RO         5106    .ARM.Collect$$libinit$$0000002C  c_w.l(libinit2.o)
    0x0800020c   0x00000000   Code   RO         5108    .ARM.Collect$$libinit$$0000002E  c_w.l(libinit2.o)
    0x0800020c   0x00000002   Code   RO         5109    .ARM.Collect$$libinit$$0000002F  c_w.l(libinit2.o)
    0x0800020e   0x00000002   Code   RO         5129    .ARM.Collect$$libshutdown$$00000000  c_w.l(libshutdown.o)
    0x08000210   0x00000000   Code   RO         5143    .ARM.Collect$$libshutdown$$00000003  c_w.l(libshutdown2.o)
    0x08000210   0x00000000   Code   RO         5146    .ARM.Collect$$libshutdown$$00000006  c_w.l(libshutdown2.o)
    0x08000210   0x00000000   Code   RO         5149    .ARM.Collect$$libshutdown$$00000009  c_w.l(libshutdown2.o)
    0x08000210   0x00000000   Code   RO         5151    .ARM.Collect$$libshutdown$$0000000B  c_w.l(libshutdown2.o)
    0x08000210   0x00000000   Code   RO         5154    .ARM.Collect$$libshutdown$$0000000E  c_w.l(libshutdown2.o)
    0x08000210   0x00000002   Code   RO         5155    .ARM.Collect$$libshutdown$$0000000F  c_w.l(libshutdown2.o)
    0x08000212   0x00000000   Code   RO         5029    .ARM.Collect$$rtentry$$00000000  c_w.l(rtentry.o)
    0x08000212   0x00000000   Code   RO         5038    .ARM.Collect$$rtentry$$00000002  c_w.l(rtentry2.o)
    0x08000212   0x00000006   Code   RO         5050    .ARM.Collect$$rtentry$$00000004  c_w.l(rtentry4.o)
    0x08000218   0x00000000   Code   RO         5040    .ARM.Collect$$rtentry$$00000009  c_w.l(rtentry2.o)
    0x08000218   0x00000004   Code   RO         5041    .ARM.Collect$$rtentry$$0000000A  c_w.l(rtentry2.o)
    0x0800021c   0x00000000   Code   RO         5043    .ARM.Collect$$rtentry$$0000000C  c_w.l(rtentry2.o)
    0x0800021c   0x00000008   Code   RO         5044    .ARM.Collect$$rtentry$$0000000D  c_w.l(rtentry2.o)
    0x08000224   0x00000002   Code   RO         5067    .ARM.Collect$$rtexit$$00000000  c_w.l(rtexit.o)
    0x08000226   0x00000000   Code   RO         5113    .ARM.Collect$$rtexit$$00000002  c_w.l(rtexit2.o)
    0x08000226   0x00000004   Code   RO         5114    .ARM.Collect$$rtexit$$00000003  c_w.l(rtexit2.o)
    0x0800022a   0x00000006   Code   RO         5115    .ARM.Collect$$rtexit$$00000004  c_w.l(rtexit2.o)
    0x08000230   0x00000050   Code   RO            4    .text               startup_stm32f4xx.o
    0x08000280   0x00000028   Code   RO         4991    .text               c_w.l(noretval__2sprintf.o)
    0x080002a8   0x0000006a   Code   RO         4993    .text               c_w.l(__printf.o)
    0x08000312   0x00000002   PAD
    0x08000314   0x00000078   Code   RO         4995    .text               c_w.l(_printf_dec.o)
    0x0800038c   0x00000048   Code   RO         5019    .text               c_w.l(strcpy.o)
    0x080003d4   0x0000003e   Code   RO         5021    .text               c_w.l(strlen.o)
    0x08000412   0x00000018   Code   RO         5023    .text               c_w.l(strcat.o)
    0x0800042a   0x00000006   Code   RO         5025    .text               c_w.l(heapauxi.o)
    0x08000430   0x000000b8   Code   RO         5030    .text               c_w.l(_printf_intcommon.o)
    0x080004e8   0x00000030   Code   RO         5032    .text               c_w.l(_printf_char_common.o)
    0x08000518   0x0000000a   Code   RO         5034    .text               c_w.l(_sputc.o)
    0x08000522   0x0000004a   Code   RO         5054    .text               c_w.l(sys_stackheap_outer.o)
    0x0800056c   0x0000000c   Code   RO         5056    .text               c_w.l(exit.o)
    0x08000578   0x00000008   Code   RO         5064    .text               c_w.l(libspace.o)
    0x08000580   0x0000000c   Code   RO         5121    .text               c_w.l(sys_exit.o)
    0x0800058c   0x00000002   Code   RO         5132    .text               c_w.l(use_no_semi.o)
    0x0800058e   0x00000000   Code   RO         5134    .text               c_w.l(indicate_semi.o)
    0x0800058e   0x00000002   Code   RO          207    i.BusFault_Handler  stm32f4xx_it.o
    0x08000590   0x000000ec   Code   RO          401    i.CmdResp1Error     sdio_sd.o
    0x0800067c   0x00000034   Code   RO          402    i.CmdResp2Error     sdio_sd.o
    0x080006b0   0x00000070   Code   RO          403    i.CmdResp6Error     sdio_sd.o
    0x08000720   0x00000004   Code   RO          208    i.DMA2_Stream3_IRQHandler  stm32f4xx_it.o
    0x08000724   0x0000002c   Code   RO         1630    i.DMA_ClearFlag     stm32f4xx_dma.o
    0x08000750   0x00000014   Code   RO         1632    i.DMA_Cmd           stm32f4xx_dma.o
    0x08000764   0x00000124   Code   RO         1633    i.DMA_DeInit        stm32f4xx_dma.o
    0x08000888   0x00000014   Code   RO         1636    i.DMA_FlowControllerConfig  stm32f4xx_dma.o
    0x0800089c   0x0000002c   Code   RO         1643    i.DMA_ITConfig      stm32f4xx_dma.o
    0x080008c8   0x00000054   Code   RO         1644    i.DMA_Init          stm32f4xx_dma.o
    0x0800091c   0x00000002   Code   RO          209    i.DebugMon_Handler  stm32f4xx_it.o
    0x0800091e   0x00000002   PAD
    0x08000920   0x00000134   Code   RO          404    i.FindSCR           sdio_sd.o
    0x08000a54   0x0000005c   Code   RO           13    i.GPIO_Configuration  main.o
    0x08000ab0   0x0000007c   Code   RO         2155    i.GPIO_Init         stm32f4xx_gpio.o
    0x08000b2c   0x00000020   Code   RO         2156    i.GPIO_PinAFConfig  stm32f4xx_gpio.o
    0x08000b4c   0x00000004   Code   RO         2163    i.GPIO_SetBits      stm32f4xx_gpio.o
    0x08000b50   0x00000002   Code   RO          210    i.HardFault_Handler  stm32f4xx_it.o
    0x08000b52   0x00000002   Code   RO          211    i.MemManage_Handler  stm32f4xx_it.o
    0x08000b54   0x00000002   Code   RO          212    i.NMI_Handler       stm32f4xx_it.o
    0x08000b56   0x00000080   Code   RO           14    i.NVIC_Config       main.o
    0x08000bd6   0x00000038   Code   RO          406    i.NVIC_Configuration  sdio_sd.o
    0x08000c0e   0x00000002   PAD
    0x08000c10   0x00000064   Code   RO          643    i.NVIC_Init         misc.o
    0x08000c74   0x00000014   Code   RO          644    i.NVIC_PriorityGroupConfig  misc.o
    0x08000c88   0x00000002   Code   RO          213    i.PendSV_Handler    stm32f4xx_it.o
    0x08000c8a   0x00000002   PAD
    0x08000c8c   0x00000018   Code   RO         2783    i.RCC_AHB1PeriphClockCmd  stm32f4xx_rcc.o
    0x08000ca4   0x00000018   Code   RO         2792    i.RCC_APB1PeriphClockCmd  stm32f4xx_rcc.o
    0x08000cbc   0x00000018   Code   RO         2795    i.RCC_APB2PeriphClockCmd  stm32f4xx_rcc.o
    0x08000cd4   0x00000018   Code   RO         2797    i.RCC_APB2PeriphResetCmd  stm32f4xx_rcc.o
    0x08000cec   0x00000098   Code   RO         2804    i.RCC_GetClocksFreq  stm32f4xx_rcc.o
    0x08000d84   0x000000c4   Code   RO          407    i.SDEnWideBus       sdio_sd.o
    0x08000e48   0x0000000c   Code   RO         3489    i.SDIO_ClearFlag    stm32f4xx_sdio.o
    0x08000e54   0x0000000c   Code   RO         3490    i.SDIO_ClearITPendingBit  stm32f4xx_sdio.o
    0x08000e60   0x0000000c   Code   RO         3491    i.SDIO_ClockCmd     stm32f4xx_sdio.o
    0x08000e6c   0x0000000c   Code   RO         3494    i.SDIO_DMACmd       stm32f4xx_sdio.o
    0x08000e78   0x00000030   Code   RO         3495    i.SDIO_DataConfig   stm32f4xx_sdio.o
    0x08000ea8   0x00000018   Code   RO         3497    i.SDIO_DeInit       stm32f4xx_sdio.o
    0x08000ec0   0x0000000c   Code   RO         3498    i.SDIO_GetCommandResponse  stm32f4xx_sdio.o
    0x08000ecc   0x00000014   Code   RO         3501    i.SDIO_GetFlagStatus  stm32f4xx_sdio.o
    0x08000ee0   0x00000014   Code   RO         3502    i.SDIO_GetITStatus  stm32f4xx_sdio.o
    0x08000ef4   0x00000010   Code   RO         3503    i.SDIO_GetPowerState  stm32f4xx_sdio.o
    0x08000f04   0x0000000c   Code   RO         3504    i.SDIO_GetResponse  stm32f4xx_sdio.o
    0x08000f10   0x00000004   Code   RO          214    i.SDIO_IRQHandler   stm32f4xx_it.o
    0x08000f14   0x00000018   Code   RO         3505    i.SDIO_ITConfig     stm32f4xx_sdio.o
    0x08000f2c   0x0000002c   Code   RO         3506    i.SDIO_Init         stm32f4xx_sdio.o
    0x08000f58   0x0000000c   Code   RO         3507    i.SDIO_ReadData     stm32f4xx_sdio.o
    0x08000f64   0x00000028   Code   RO         3509    i.SDIO_SendCommand  stm32f4xx_sdio.o
    0x08000f8c   0x0000000c   Code   RO         3511    i.SDIO_SetPowerState  stm32f4xx_sdio.o
    0x08000f98   0x00000074   Code   RO          410    i.SD_EnableWideBusOperation  sdio_sd.o
    0x0800100c   0x00000268   Code   RO          413    i.SD_GetCardInfo    sdio_sd.o
    0x08001274   0x0000001a   Code   RO          415    i.SD_GetState       sdio_sd.o
    0x0800128e   0x0000001a   Code   RO          416    i.SD_GetStatus      sdio_sd.o
    0x080012a8   0x00000064   Code   RO          418    i.SD_Init           sdio_sd.o
    0x0800130c   0x00000100   Code   RO          419    i.SD_InitializeCards  sdio_sd.o
    0x0800140c   0x00000088   Code   RO          420    i.SD_LowLevel_DMA_RxConfig  sdio_sd.o
    0x08001494   0x00000088   Code   RO          421    i.SD_LowLevel_DMA_TxConfig  sdio_sd.o
    0x0800151c   0x000000a4   Code   RO          423    i.SD_LowLevel_Init  sdio_sd.o
    0x080015c0   0x000001bc   Code   RO          425    i.SD_PowerON        sdio_sd.o
    0x0800177c   0x00000028   Code   RO          426    i.SD_ProcessDMAIRQ  sdio_sd.o
    0x080017a4   0x00000090   Code   RO          427    i.SD_ProcessIRQSrc  sdio_sd.o
    0x08001834   0x000000b0   Code   RO          428    i.SD_ReadBlock      sdio_sd.o
    0x080018e4   0x000000bc   Code   RO          429    i.SD_ReadMultiBlocks  sdio_sd.o
    0x080019a0   0x0000002c   Code   RO          430    i.SD_SelectDeselect  sdio_sd.o
    0x080019cc   0x00000048   Code   RO          432    i.SD_SendStatus     sdio_sd.o
    0x08001a14   0x00000028   Code   RO          433    i.SD_StopTransfer   sdio_sd.o
    0x08001a3c   0x00000064   Code   RO          434    i.SD_WaitReadOperation  sdio_sd.o
    0x08001aa0   0x000000ac   Code   RO          436    i.SD_WriteBlock     sdio_sd.o
    0x08001b4c   0x00000104   Code   RO          437    i.SD_WriteMultiBlocks  sdio_sd.o
    0x08001c50   0x00000144   Code   RO           15    i.STM_EVAL_COMInit  main.o
    0x08001d94   0x00000002   Code   RO          215    i.SVC_Handler       stm32f4xx_it.o
    0x08001d96   0x00000002   PAD
    0x08001d98   0x0000009c   Code   RO          317    i.SetSysClock       system_stm32f4xx.o
    0x08001e34   0x0000005c   Code   RO          319    i.SystemInit        system_stm32f4xx.o
    0x08001e90   0x00000024   Code   RO          216    i.UART4_IRQHandler  stm32f4xx_it.o
    0x08001eb4   0x00000024   Code   RO          217    i.USART1_IRQHandler  stm32f4xx_it.o
    0x08001ed8   0x00000024   Code   RO          218    i.USART2_IRQHandler  stm32f4xx_it.o
    0x08001efc   0x00000024   Code   RO          219    i.USART3_IRQHandler  stm32f4xx_it.o
    0x08001f20   0x00000024   Code   RO          220    i.USART6_IRQHandler  stm32f4xx_it.o
    0x08001f44   0x00000014   Code   RO         4459    i.USART_Cmd         stm32f4xx_usart.o
    0x08001f58   0x00000090   Code   RO           16    i.USART_Configuration  main.o
    0x08001fe8   0x00000030   Code   RO         4465    i.USART_ITConfig    stm32f4xx_usart.o
    0x08002018   0x000000b8   Code   RO         4466    i.USART_Init        stm32f4xx_usart.o
    0x080020d0   0x00000008   Code   RO         4473    i.USART_ReceiveData  stm32f4xx_usart.o
    0x080020d8   0x00000008   Code   RO         4476    i.USART_SendData    stm32f4xx_usart.o
    0x080020e0   0x00000002   Code   RO          221    i.UsageFault_Handler  stm32f4xx_it.o
    0x080020e2   0x00000002   PAD
    0x080020e4   0x0000005c   Code   RO         4762    i.check_fs          ff.o
    0x08002140   0x00000218   Code   RO         4763    i.chk_mounted       ff.o
    0x08002358   0x00000018   Code   RO         4764    i.clust2sect        ff.o
    0x08002370   0x00000096   Code   RO         4765    i.create_chain      ff.o
    0x08002406   0x00000002   PAD
    0x08002408   0x0000012c   Code   RO         4766    i.create_name       ff.o
    0x08002534   0x000000ee   Code   RO         4767    i.dir_next          ff.o
    0x08002622   0x00000044   Code   RO         4768    i.dir_read          ff.o
    0x08002666   0x0000005c   Code   RO         4769    i.dir_register      ff.o
    0x080026c2   0x0000007e   Code   RO         4771    i.dir_sdi           ff.o
    0x08002740   0x00000016   Code   RO         4711    i.disk_initialize   diskio.o
    0x08002756   0x00000002   PAD
    0x08002758   0x0000002c   Code   RO         4712    i.disk_ioctl        diskio.o
    0x08002784   0x00000044   Code   RO         4713    i.disk_read         diskio.o
    0x080027c8   0x00000014   Code   RO         4714    i.disk_status       diskio.o
    0x080027dc   0x00000044   Code   RO         4715    i.disk_write        diskio.o
    0x08002820   0x000000ce   Code   RO         4774    i.f_getfree         ff.o
    0x080028ee   0x00000194   Code   RO         4776    i.f_mkdir           ff.o
    0x08002a82   0x00000002   PAD
    0x08002a84   0x00000020   Code   RO         4777    i.f_mount           ff.o
    0x08002aa4   0x00000138   Code   RO         4778    i.f_open            ff.o
    0x08002bdc   0x0000004e   Code   RO         4779    i.f_opendir         ff.o
    0x08002c2a   0x00000050   Code   RO         4781    i.f_readdir         ff.o
    0x08002c7a   0x000000a4   Code   RO         4784    i.f_sync            ff.o
    0x08002d1e   0x0000018c   Code   RO         4788    i.f_write           ff.o
    0x08002eaa   0x000000b2   Code   RO         4789    i.follow_path       ff.o
    0x08002f5c   0x000000b8   Code   RO         4790    i.get_fat           ff.o
    0x08003014   0x00000004   Code   RO         4716    i.get_fattime       diskio.o
    0x08003018   0x0000006e   Code   RO         4791    i.get_fileinfo      ff.o
    0x08003086   0x00000002   PAD
    0x08003088   0x000001f8   Code   RO           18    i.main              main.o
    0x08003280   0x00000012   Code   RO         4792    i.mem_cpy           ff.o
    0x08003292   0x0000000e   Code   RO         4793    i.mem_set           ff.o
    0x080032a0   0x0000006a   Code   RO         4794    i.move_window       ff.o
    0x0800330a   0x00000002   PAD
    0x0800330c   0x000000f6   Code   RO         4795    i.put_fat           ff.o
    0x08003402   0x00000062   Code   RO         4796    i.remove_chain      ff.o
    0x08003464   0x000000b8   Code   RO         4797    i.sync              ff.o
    0x0800351c   0x00000020   Code   RO         4798    i.validate          ff.o
    0x0800353c   0x0000000a   Code   RO         5110    x$fpl$fpinit        fz_wm.l(fpinit.o)
    0x08003546   0x00000002   PAD
    0x08003548   0x00000020   Data   RO         5186    Region$$Table       anon$$obj.o


    Execution Region RW_IRAM1 (Base: 0x20000000, Size: 0x00000ba8, Max: 0x00020000, ABSOLUTE)

    Base Addr    Size         Type   Attr      Idx    E Section Name        Object

    0x20000000   0x00000010   Data   RW           22    .data               main.o
    0x20000010   0x00000001   Data   RW          222    .data               stm32f4xx_it.o
    0x20000011   0x00000003   PAD
    0x20000014   0x00000018   Data   RW          440    .data               sdio_sd.o
    0x2000002c   0x00000010   Data   RW         2827    .data               stm32f4xx_rcc.o
    0x2000003c   0x00000008   Data   RW         4799    .data               ff.o
    0x20000044   0x00000440   Zero   RW           19    .bss                main.o
    0x20000484   0x000000c4   Zero   RW          439    .bss                sdio_sd.o
    0x20000548   0x00000060   Zero   RW         5065    .bss                c_w.l(libspace.o)
    0x200005a8   0x00000200   Zero   RW            2    HEAP                startup_stm32f4xx.o
    0x200007a8   0x00000400   Zero   RW            1    STACK               startup_stm32f4xx.o


==============================================================================

Image component sizes


      Code (inc. data)   RO Data    RW Data    ZI Data      Debug   Object Name

       226         16          0          0          0       5116   diskio.o
      4468         44          0          8          0      29189   ff.o
      1192        244          0         16       1088     289553   main.o
       120         18          0          0          0       3235   misc.o
      4216        212          0         24        196      29057   sdio_sd.o
        80         32        392          0       1536        820   startup_stm32f4xx.o
       504         38          0          0          0      17896   stm32f4xx_dma.o
       160          0          0          0          0       8706   stm32f4xx_gpio.o
       204         52          0          1          0       7164   stm32f4xx_it.o
       248         38          0         16          0      18000   stm32f4xx_rcc.o
       332         80          0          0          0      20102   stm32f4xx_sdio.o
       268         10          0          0          0      10047   stm32f4xx_usart.o
       248         34          0          0          0       1481   system_stm32f4xx.o

    ----------------------------------------------------------------------
     12286        818        424         68       2820     440366   Object Totals
         0          0         32          0          0          0   (incl. Generated)
        20          0          0          3          0          0   (incl. Padding)

    ----------------------------------------------------------------------

      Code (inc. data)   RO Data    RW Data    ZI Data      Debug   Library Member Name

         8          0          0          0          0         68   __main.o
       106          0          0          0          0         84   __printf.o
        52          8          0          0          0          0   __scatter.o
        26          0          0          0          0          0   __scatter_copy.o
        28          0          0          0          0          0   __scatter_zi.o
        48          6          0          0          0         96   _printf_char_common.o
         6          0          0          0          0          0   _printf_d.o
       120         18          0          0          0         92   _printf_dec.o
       184          0          0          0          0         88   _printf_intcommon.o
         0          0          0          0          0          0   _printf_percent.o
         4          0          0          0          0          0   _printf_percent_end.o
        10          0          0          0          0         68   _sputc.o
        12          0          0          0          0         72   exit.o
         6          0          0          0          0        152   heapauxi.o
         0          0          0          0          0          0   indicate_semi.o
         6          0          0          0          0          0   libinit.o
         2          0          0          0          0          0   libinit2.o
         2          0          0          0          0          0   libshutdown.o
         2          0          0          0          0          0   libshutdown2.o
         8          4          0          0         96         68   libspace.o
        40          6          0          0          0         84   noretval__2sprintf.o
         0          0          0          0          0          0   rtentry.o
        12          0          0          0          0          0   rtentry2.o
         6          0          0          0          0          0   rtentry4.o
         2          0          0          0          0          0   rtexit.o
        10          0          0          0          0          0   rtexit2.o
        24          0          0          0          0         68   strcat.o
        72          0          0          0          0         80   strcpy.o
        62          0          0          0          0         76   strlen.o
        12          4          0          0          0         68   sys_exit.o
        74          0          0          0          0         80   sys_stackheap_outer.o
         2          0          0          0          0         68   use_no_semi.o
        10          0          0          0          0        116   fpinit.o

    ----------------------------------------------------------------------
       962         46          0          0         96       1428   Library Totals
         6          0          0          0          0          0   (incl. Padding)

    ----------------------------------------------------------------------

      Code (inc. data)   RO Data    RW Data    ZI Data      Debug   Library Name

       946         46          0          0         96       1312   c_w.l
        10          0          0          0          0        116   fz_wm.l

    ----------------------------------------------------------------------
       962         46          0          0         96       1428   Library Totals

    ----------------------------------------------------------------------

==============================================================================


      Code (inc. data)   RO Data    RW Data    ZI Data      Debug   

     13248        864        424         68       2916     429866   Grand Totals
     13248        864        424         68       2916     429866   ELF Image Totals
     13248        864        424         68          0          0   ROM Totals

==============================================================================

    Total RO  Size (Code + RO Data)                13672 (  13.35kB)
    Total RW  Size (RW Data + ZI Data)              2984 (   2.91kB)
    Total ROM Size (Code + RO Data + RW Data)      13740 (  13.42kB)

==============================================================================

